Archive member included to satisfy reference by file (symbol)

app/libapp.a(stdlib.c.obj)    (--whole-archive)
app/libapp.a(activity.c.obj)  (--whole-archive)
app/libapp.a(kscan.c.obj)     (--whole-archive)
app/libapp.a(matrix_transform.c.obj)
                              (--whole-archive)
app/libapp.a(sensors.c.obj)   (--whole-archive)
app/libapp.a(event_manager.c.obj)
                              (--whole-archive)
app/libapp.a(ext_power_generic.c.obj)
                              (--whole-archive)
app/libapp.a(activity_state_changed.c.obj)
                              (--whole-archive)
app/libapp.a(position_state_changed.c.obj)
                              (--whole-archive)
app/libapp.a(sensor_event.c.obj)
                              (--whole-archive)
app/libapp.a(usb_conn_state_changed.c.obj)
                              (--whole-archive)
app/libapp.a(behavior_reset.c.obj)
                              (--whole-archive)
app/libapp.a(behavior_ext_power.c.obj)
                              (--whole-archive)
app/libapp.a(battery_state_changed.c.obj)
                              (--whole-archive)
app/libapp.a(battery.c.obj)   (--whole-archive)
app/libapp.a(split_peripheral_status_changed.c.obj)
                              (--whole-archive)
app/libapp.a(split_listener.c.obj)
                              (--whole-archive)
app/libapp.a(service.c.obj)   (--whole-archive)
app/libapp.a(peripheral.c.obj)
                              (--whole-archive)
app/libapp.a(usb.c.obj)       (--whole-archive)
app/libapp.a(main.c.obj)      (--whole-archive)
zephyr/libzephyr.a(cbprintf.c.obj)
                              (--whole-archive)
zephyr/libzephyr.a(cbprintf_packaged.c.obj)
                              (--whole-archive)
zephyr/libzephyr.a(crc32c_sw.c.obj)
                              (--whole-archive)
zephyr/libzephyr.a(crc32_sw.c.obj)
                              (--whole-archive)
zephyr/libzephyr.a(crc16_sw.c.obj)
                              (--whole-archive)
zephyr/libzephyr.a(crc8_sw.c.obj)
                              (--whole-archive)
zephyr/libzephyr.a(crc7_sw.c.obj)
                              (--whole-archive)
zephyr/libzephyr.a(dec.c.obj)
                              (--whole-archive)
zephyr/libzephyr.a(fdtable.c.obj)
                              (--whole-archive)
zephyr/libzephyr.a(hex.c.obj)
                              (--whole-archive)
zephyr/libzephyr.a(notify.c.obj)
                              (--whole-archive)
zephyr/libzephyr.a(printk.c.obj)
                              (--whole-archive)
zephyr/libzephyr.a(onoff.c.obj)
                              (--whole-archive)
zephyr/libzephyr.a(rb.c.obj)  (--whole-archive)
zephyr/libzephyr.a(sem.c.obj)
                              (--whole-archive)
zephyr/libzephyr.a(thread_entry.c.obj)
                              (--whole-archive)
zephyr/libzephyr.a(timeutil.c.obj)
                              (--whole-archive)
zephyr/libzephyr.a(heap.c.obj)
                              (--whole-archive)
zephyr/libzephyr.a(heap-validate.c.obj)
                              (--whole-archive)
zephyr/libzephyr.a(bitarray.c.obj)
                              (--whole-archive)
zephyr/libzephyr.a(multi_heap.c.obj)
                              (--whole-archive)
zephyr/libzephyr.a(cbprintf_nano.c.obj)
                              (--whole-archive)
zephyr/libzephyr.a(reboot.c.obj)
                              (--whole-archive)
zephyr/libzephyr.a(configs.c.obj)
                              (--whole-archive)
zephyr/libzephyr.a(soc_nrf_common.S.obj)
                              (--whole-archive)
zephyr/libzephyr.a(validate_base_addresses.c.obj)
                              (--whole-archive)
zephyr/libzephyr.a(validate_enabled_instances.c.obj)
                              (--whole-archive)
zephyr/libzephyr.a(dis.c.obj)
                              (--whole-archive)
zephyr/libzephyr.a(bas.c.obj)
                              (--whole-archive)
zephyr/libzephyr.a(nvs.c.obj)
                              (--whole-archive)
zephyr/libzephyr.a(addr_utils.c.obj)
                              (--whole-archive)
zephyr/libzephyr.a(usb_device.c.obj)
                              (--whole-archive)
zephyr/libzephyr.a(usb_descriptor.c.obj)
                              (--whole-archive)
zephyr/libzephyr.a(usb_transfer.c.obj)
                              (--whole-archive)
zephyr/libzephyr.a(flash_map.c.obj)
                              (--whole-archive)
zephyr/libzephyr.a(flash_map_default.c.obj)
                              (--whole-archive)
zephyr/libzephyr.a(flash_map_layout.c.obj)
                              (--whole-archive)
zephyr/libzephyr.a(settings_store.c.obj)
                              (--whole-archive)
zephyr/libzephyr.a(settings.c.obj)
                              (--whole-archive)
zephyr/libzephyr.a(settings_init.c.obj)
                              (--whole-archive)
zephyr/libzephyr.a(settings_line.c.obj)
[...]
Memory Configuration

Name             Origin             Length             Attributes
FLASH            0x0000000000026000 0x00000000000c6000 xr
SRAM             0x0000000020000000 0x0000000000040000 xw
IDT_LIST         0x00000000fffff7ff 0x0000000000000800 xw
*default*        0x0000000000000000 0xffffffffffffffff

Linker script and memory map

LOAD zephyr/CMakeFiles/zephyr_pre1.dir/misc/empty_file.c.obj
LOAD zephyr/CMakeFiles/zephyr_pre1.dir/dev_handles.c.obj
LOAD zephyr/CMakeFiles/offsets.dir/./arch/arm/core/offsets/offsets.c.obj
                0x0000000000000020                _region_min_align = 0x20

.rel.plt        0x0000000000026000        0x0
 *(SORT_BY_ALIGNMENT(.rel.plt))
                [!provide]                        PROVIDE (__rel_iplt_start = .)
 *(SORT_BY_ALIGNMENT(.rel.iplt))
 .rel.iplt      0x0000000000026000        0x0 app/libapp.a(activity.c.obj)
                [!provide]                        PROVIDE (__rel_iplt_end = .)

.rela.plt       0x0000000000000000        0x0
 *(SORT_BY_ALIGNMENT(.rela.plt))
                [!provide]                        PROVIDE (__rela_iplt_start = .)
 *(SORT_BY_ALIGNMENT(.rela.iplt))
                [!provide]                        PROVIDE (__rela_iplt_end = .)

.rel.dyn
 *(SORT_BY_ALIGNMENT(.rel.*))

.rela.dyn
 *(SORT_BY_ALIGNMENT(.rela.*))

/DISCARD/
 *(SORT_BY_ALIGNMENT(.plt))
 *(SORT_BY_ALIGNMENT(.iplt))
 *(SORT_BY_ALIGNMENT(.got.plt))
 *(SORT_BY_ALIGNMENT(.igot.plt))
 *(SORT_BY_ALIGNMENT(.got))
 *(SORT_BY_ALIGNMENT(.igot))
 *(SORT_BY_ALIGNMENT(.note.GNU-stack))
                0x0000000000026000                __rom_region_start = 0x26000

rom_start       0x0000000000026000      0x100
                0x0000000000000000                . = 0x0
                0x0000000000000000                . = ALIGN (0x4)
                0x0000000000000000                . = ALIGN (0x80)
                0x0000000000000000                . = ALIGN (0x100)
                0x0000000000026000                _vector_start = .
 *(SORT_BY_ALIGNMENT(.exc_vector_table))
 *(SORT_BY_ALIGNMENT(.exc_vector_table.*))
 .exc_vector_table._vector_table_section
                0x0000000000026000       0x40 zephyr/arch/arch/arm/core/aarch32/cortex_m/libarch__arm__core__aarch32__cortex_m.a(vector_table.S.obj)
                0x0000000000026000                _vector_table
 *(SORT_BY_ALIGNMENT(.gnu.linkonce.irq_vector_table*))
 .gnu.linkonce.irq_vector_table
                0x0000000000026040       0xc0 zephyr/arch/common/libisr_tables.a(isr_tables.c.obj)
                0x0000000000026040                _irq_vector_table
 *(SORT_BY_ALIGNMENT(.vectors))
                0x0000000000026100                _vector_end = .

text            0x0000000000026100    0x235a8
                0x0000000000026100                __text_region_start = .
 *(SORT_BY_ALIGNMENT(.text))
 .text          0x0000000000026100       0x30 /Users/qilewang/Downloads/zephyr-sdk-0.14.2/arm-zephyr-eabi/bin/../lib/gcc/arm-zephyr-eabi/10.3.0/thumb/v7e-m/nofp/libgcc.a(_aeabi_uldivmod.o)
                0x0000000000026100                __aeabi_uldivmod
 .text          0x0000000000026130        0x4 /Users/qilewang/Downloads/zephyr-sdk-0.14.2/arm-zephyr-eabi/bin/../lib/gcc/arm-zephyr-eabi/10.3.0/thumb/v7e-m/nofp/libgcc.a(_dvmd_tls.o)
                0x0000000000026130                __aeabi_ldiv0
                0x0000000000026130                __aeabi_idiv0
 .text          0x0000000000026134      0x2a6 /Users/qilewang/Downloads/zephyr-sdk-0.14.2/arm-zephyr-eabi/bin/../lib/gcc/arm-zephyr-eabi/10.3.0/thumb/v7e-m/nofp/libgcc.a(_udivmoddi4.o)
                0x0000000000026134                __udivmoddi4
 *(SORT_BY_ALIGNMENT(.text.*))
 *fill*         0x00000000000263da        0x6 
 .text.bt_init  0x00000000000263e0      0x420 zephyr/subsys/bluetooth/host/libsubsys__bluetooth__host.a(hci_core.c.obj)
 .text.ull_drift_ticks_get
                0x0000000000026800       0x8c zephyr/subsys/bluetooth/controller/libsubsys__bluetooth__controller.a(ull.c.obj)
                0x0000000000026800                ull_drift_ticks_get
 *fill*         0x000000000002688c        0x4 
 .text.ll_adv_enable
                0x0000000000026890      0x448 zephyr/subsys/bluetooth/controller/libsubsys__bluetooth__controller.a(ull_adv.c.obj)
                0x0000000000026890                ll_adv_enable
 .text.ull_adv_time_update
                0x0000000000026cd8       0xb0 zephyr/subsys/bluetooth/controller/libsubsys__bluetooth__controller.a(ull_adv.c.obj)
                0x0000000000026cd8                ull_adv_time_update
 .text.event_conn_upd_prep
                0x0000000000026d88      0x55c zephyr/subsys/bluetooth/controller/libsubsys__bluetooth__controller.a(ull_conn.c.obj)
 *fill*         0x00000000000272e4        0x4 
 .text.ull_periph_setup
                0x00000000000272e8      0x48c zephyr/subsys/bluetooth/controller/libsubsys__bluetooth__controller.a(ull_peripheral.c.obj)
                0x00000000000272e8                ull_periph_setup
 *fill*         0x0000000000027774        0x4 
 .text.nrf_flash_sync_exe
                0x0000000000027778       0xf8 zephyr/drivers/flash/libdrivers__flash.a(soc_flash_nrf_ticker.c.obj)
                0x0000000000027778                nrf_flash_sync_exe
 .text.nrf_flash_sync_check_time_limit
                0x0000000000027870       0x48 zephyr/drivers/flash/libdrivers__flash.a(soc_flash_nrf_ticker.c.obj)
                0x0000000000027870                nrf_flash_sync_check_time_limit
 .text.activity_expiry_function
                0x00000000000278b8        0xc app/libapp.a(activity.c.obj)
                0x00000000000278b8                activity_expiry_function
 .text.activity_init
                0x00000000000278c4       0x3c app/libapp.a(activity.c.obj)
                0x00000000000278c4                activity_init
 .text.raise_event
                0x0000000000027900       0x18 app/libapp.a(activity.c.obj)
                0x0000000000027900                raise_event
 .text.set_state
                0x0000000000027918       0x18 app/libapp.a(activity.c.obj)
                0x0000000000027918                set_state
 .text.activity_event_listener
                0x0000000000027930       0x2c app/libapp.a(activity.c.obj)
                0x0000000000027930                activity_event_listener
 .text.activity_work_handler
                0x000000000002795c       0x38 app/libapp.a(activity.c.obj)
                0x000000000002795c                activity_work_handler
 .text.zmk_kscan_process_msgq
                0x0000000000027994       0x68 app/libapp.a(kscan.c.obj)
                0x0000000000027994                zmk_kscan_process_msgq
 .text.zmk_kscan_callback
                0x00000000000279fc       0x2c app/libapp.a(kscan.c.obj)
 .text.zmk_kscan_init
                0x0000000000027a28       0x40 app/libapp.a(kscan.c.obj)
                0x0000000000027a28                zmk_kscan_init
 .text.zmk_matrix_transform_row_column_to_position
                0x0000000000027a68       0x14 app/libapp.a(matrix_transform.c.obj)
                0x0000000000027a68                zmk_matrix_transform_row_column_to_position
 .text.zmk_sensors_init_item
                0x0000000000027a7c       0x3c app/libapp.a(sensors.c.obj)
 .text.zmk_sensors_init
                0x0000000000027ab8       0x24 app/libapp.a(sensors.c.obj)
 .text.zmk_event_manager_handle_from
                0x0000000000027adc       0x5c app/libapp.a(event_manager.c.obj)
                0x0000000000027adc                zmk_event_manager_handle_from
 .text.ext_power_generic_init
                0x0000000000027b38       0xc0 app/libapp.a(ext_power_generic.c.obj)
 .text.ext_power_save_state_work
                0x0000000000027bf8       0x30 app/libapp.a(ext_power_generic.c.obj)
 .text.ext_power_save_state
                0x0000000000027c28       0x18 app/libapp.a(ext_power_generic.c.obj)
                0x0000000000027c28                ext_power_save_state
 .text.ext_power_settings_set
                0x0000000000027c40       0x64 app/libapp.a(ext_power_generic.c.obj)
 .text.new_zmk_activity_state_changed
                0x0000000000027ca4       0x18 app/libapp.a(activity_state_changed.c.obj)
                0x0000000000027ca4                new_zmk_activity_state_changed
 .text.new_zmk_position_state_changed
                0x0000000000027cbc       0x38 app/libapp.a(position_state_changed.c.obj)
                0x0000000000027cbc                new_zmk_position_state_changed
 .text.as_zmk_position_state_changed
                0x0000000000027cf4       0x14 app/libapp.a(position_state_changed.c.obj)
                0x0000000000027cf4                as_zmk_position_state_changed
 .text.new_zmk_sensor_event
                0x0000000000027d08       0x2c app/libapp.a(sensor_event.c.obj)
                0x0000000000027d08                new_zmk_sensor_event
 .text.new_zmk_usb_conn_state_changed
                0x0000000000027d34       0x18 app/libapp.a(usb_conn_state_changed.c.obj)
                0x0000000000027d34                new_zmk_usb_conn_state_changed
 .text.on_keymap_binding_pressed
                0x0000000000027d4c       0x58 app/libapp.a(behavior_ext_power.c.obj)
 .text.on_keymap_binding_convert_central_state_dependent_params
                0x0000000000027da4       0x3c app/libapp.a(behavior_ext_power.c.obj)
 .text.new_zmk_battery_state_changed
                0x0000000000027de0       0x18 app/libapp.a(battery_state_changed.c.obj)
                0x0000000000027de0                new_zmk_battery_state_changed
 .text.zmk_battery_timer
                0x0000000000027df8        0xc app/libapp.a(battery.c.obj)
 .text.zmk_battery_update.constprop.0
                0x0000000000027e04       0x48 app/libapp.a(battery.c.obj)
 .text.zmk_battery_init
                0x0000000000027e4c       0x38 app/libapp.a(battery.c.obj)
 .text.new_zmk_split_peripheral_status_changed
                0x0000000000027e84       0x18 app/libapp.a(split_peripheral_status_changed.c.obj)
                0x0000000000027e84                new_zmk_split_peripheral_status_changed
 .text.split_svc_pos_state
                0x0000000000027e9c       0x1c app/libapp.a(service.c.obj)
 .text.service_init
                0x0000000000027eb8       0x28 app/libapp.a(service.c.obj)
                0x0000000000027eb8                service_init
 .text.send_position_state_callback
                0x0000000000027ee0       0x48 app/libapp.a(service.c.obj)
                0x0000000000027ee0                send_position_state_callback
 .text.send_position_state
                0x0000000000027f28       0x4c app/libapp.a(service.c.obj)
                0x0000000000027f28                send_position_state
 .text.zmk_split_bt_position_pressed
                0x0000000000027f74       0x1c app/libapp.a(service.c.obj)
                0x0000000000027f74                zmk_split_bt_position_pressed
 .text.zmk_split_bt_position_released
                0x0000000000027f90       0x1c app/libapp.a(service.c.obj)
                0x0000000000027f90                zmk_split_bt_position_released
 .text.connected
                0x0000000000027fac       0x1c app/libapp.a(peripheral.c.obj)
 .text.bt_addr_le_to_str.constprop.0.isra.0
                0x0000000000027fc8       0x78 app/libapp.a(peripheral.c.obj)
 .text.disconnected
                0x0000000000028040       0x28 app/libapp.a(peripheral.c.obj)
 .text.zmk_peripheral_ble_init
                0x0000000000028068       0x58 app/libapp.a(peripheral.c.obj)
 .text.usb_status_cb
                0x00000000000280c0       0x14 app/libapp.a(usb.c.obj)
                0x00000000000280c0                usb_status_cb
 .text.zmk_usb_init
                0x00000000000280d4       0x18 app/libapp.a(usb.c.obj)
 .text.zmk_usb_get_conn_state
                0x00000000000280ec       0x28 app/libapp.a(usb.c.obj)
                0x00000000000280ec                zmk_usb_get_conn_state
 .text.main     0x0000000000028114        0xc app/libapp.a(main.c.obj)
                0x0000000000028114                main
 .text.crc8_ccitt
                0x0000000000028120       0x30 zephyr/libzephyr.a(crc8_sw.c.obj)
                0x0000000000028120                crc8_ccitt
 .text.char_out
                0x0000000000028150       0x10 zephyr/libzephyr.a(printk.c.obj)
 .text.vprintk  0x0000000000028160       0x1c zephyr/libzephyr.a(printk.c.obj)
                0x0000000000028160                vprintk
 .text.vsnprintk
                0x000000000002817c       0x28 zephyr/libzephyr.a(printk.c.obj)
                0x000000000002817c                vsnprintk
 .text.process_event
                0x00000000000281a4      0x1c0 zephyr/libzephyr.a(onoff.c.obj)
 .text.cbvprintf
                0x0000000000028364      0x45c zephyr/libzephyr.a(cbprintf_nano.c.obj)
                0x0000000000028364                cbvprintf
 .text.sys_reboot
                0x00000000000287c0       0x28 zephyr/libzephyr.a(reboot.c.obj)
                0x00000000000287c0                sys_reboot
 .text.read_pnp_id
                0x00000000000287e8       0x1c zephyr/libzephyr.a(dis.c.obj)
 .text.read_blvl
                0x0000000000028804       0x28 zephyr/libzephyr.a(bas.c.obj)
 .text.bt_bas_set_battery_level
                0x000000000002882c       0x50 zephyr/libzephyr.a(bas.c.obj)
                0x000000000002882c                bt_bas_set_battery_level
 .text.nvs_recover_last_ate
                0x000000000002887c       0x64 zephyr/libzephyr.a(nvs.c.obj)
 .text.nvs_init
                0x00000000000288e0      0x2bc zephyr/libzephyr.a(nvs.c.obj)
                0x00000000000288e0                nvs_init
 .text.nvs_write
                0x0000000000028b9c      0x18c zephyr/libzephyr.a(nvs.c.obj)
                0x0000000000028b9c                nvs_write
 .text.class_handler
                0x0000000000028d28       0x40 zephyr/libzephyr.a(usb_device.c.obj)
 .text.custom_handler
                0x0000000000028d68       0x60 zephyr/libzephyr.a(usb_device.c.obj)
 .text.vendor_handler
                0x0000000000028dc8       0x3c zephyr/libzephyr.a(usb_device.c.obj)
 .text.set_endpoint
                0x0000000000028e04       0x54 zephyr/libzephyr.a(usb_device.c.obj)
 .text.usb_reset_alt_setting
                0x0000000000028e58       0x10 zephyr/libzephyr.a(usb_device.c.obj)
 .text.is_ep_valid.part.0
                0x0000000000028e68       0x38 zephyr/libzephyr.a(usb_device.c.obj)
 .text.usb_handle_request.constprop.0
                0x0000000000028ea0       0x2c zephyr/libzephyr.a(usb_device.c.obj)
 .text.forward_status_cb
                0x0000000000028ecc       0x9c zephyr/libzephyr.a(usb_device.c.obj)
 .text.usb_halt_endpoint_req.isra.0
                0x0000000000028f68       0x58 zephyr/libzephyr.a(usb_device.c.obj)
 .text.usb_handle_standard_request
                0x0000000000028fc0      0x308 zephyr/libzephyr.a(usb_device.c.obj)
 .text.usb_data_to_host
                0x00000000000292c8       0x54 zephyr/libzephyr.a(usb_device.c.obj)
 .text.usb_handle_control_transfer
                0x000000000002931c       0xe8 zephyr/libzephyr.a(usb_device.c.obj)
 .text.usb_set_config
                0x0000000000029404       0x2c zephyr/libzephyr.a(usb_device.c.obj)
                0x0000000000029404                usb_set_config
 .text.usb_device_init
                0x0000000000029430       0x28 zephyr/libzephyr.a(usb_device.c.obj)
 .text.usb_enable
                0x0000000000029458       0xf4 zephyr/libzephyr.a(usb_device.c.obj)
                0x0000000000029458                usb_enable
 .text.usb_update_sn_string_descriptor
                0x000000000002954c       0x88 zephyr/libzephyr.a(usb_descriptor.c.obj)
                0x000000000002954c                usb_update_sn_string_descriptor
 .text.usb_fix_descriptor
                0x00000000000295d4      0x1b0 zephyr/libzephyr.a(usb_descriptor.c.obj)
 .text.usb_get_device_descriptor
                0x0000000000029784       0x18 zephyr/libzephyr.a(usb_descriptor.c.obj)
                0x0000000000029784                usb_get_device_descriptor
 .text.usb_ep_get_transfer
                0x000000000002979c       0x2c zephyr/libzephyr.a(usb_transfer.c.obj)
 .text.usb_transfer_work
                0x00000000000297c8      0x110 zephyr/libzephyr.a(usb_transfer.c.obj)
 .text.usb_cancel_transfer
                0x00000000000298d8       0x3c zephyr/libzephyr.a(usb_transfer.c.obj)
                0x00000000000298d8                usb_cancel_transfer
 .text.usb_cancel_transfers
                0x0000000000029914       0x50 zephyr/libzephyr.a(usb_transfer.c.obj)
                0x0000000000029914                usb_cancel_transfers
 .text.usb_transfer_init
                0x0000000000029964       0x34 zephyr/libzephyr.a(usb_transfer.c.obj)
                0x0000000000029964                usb_transfer_init
 .text.flash_area_open
                0x0000000000029998       0x3c zephyr/libzephyr.a(flash_map.c.obj)
                0x0000000000029998                flash_area_open
 .text.flash_area_get_sectors
                0x00000000000299d4       0x68 zephyr/libzephyr.a(flash_map_layout.c.obj)
                0x00000000000299d4                flash_area_get_sectors
 .text.settings_save_one
                0x0000000000029a3c       0x4c zephyr/libzephyr.a(settings_store.c.obj)
                0x0000000000029a3c                settings_save_one
 .text.settings_src_register
                0x0000000000029a88       0x1c zephyr/libzephyr.a(settings_store.c.obj)
                0x0000000000029a88                settings_src_register
 .text.settings_dst_register
                0x0000000000029aa4        0xc zephyr/libzephyr.a(settings_store.c.obj)
                0x0000000000029aa4                settings_dst_register
 .text.settings_load_subtree
                0x0000000000029ab0       0x4c zephyr/libzephyr.a(settings_store.c.obj)
                0x0000000000029ab0                settings_load_subtree
 .text.settings_load_subtree_direct
                0x0000000000029afc       0x40 zephyr/libzephyr.a(settings_store.c.obj)
                0x0000000000029afc                settings_load_subtree_direct
 .text.settings_store_init
                0x0000000000029b3c       0x10 zephyr/libzephyr.a(settings_store.c.obj)
                0x0000000000029b3c                settings_store_init
 .text.settings_init
                0x0000000000029b4c       0x10 zephyr/libzephyr.a(settings.c.obj)
                0x0000000000029b4c                settings_init
 .text.settings_register
                0x0000000000029b5c       0x80 zephyr/libzephyr.a(settings.c.obj)
                0x0000000000029b5c                settings_register
 .text.settings_parse_and_lookup
                0x0000000000029bdc       0x8c zephyr/libzephyr.a(settings.c.obj)
                0x0000000000029bdc                settings_parse_and_lookup
 .text.settings_commit_subtree
                0x0000000000029c68       0x70 zephyr/libzephyr.a(settings.c.obj)
                0x0000000000029c68                settings_commit_subtree
 .text.settings_subsys_init
                0x0000000000029cd8       0x20 zephyr/libzephyr.a(settings_init.c.obj)
                0x0000000000029cd8                settings_subsys_init
 .text.settings_nvs_load
                0x0000000000029cf8       0xb8 zephyr/libzephyr.a(settings_nvs.c.obj)
 .text.settings_backend_init
                0x0000000000029db0       0x98 zephyr/libzephyr.a(settings_nvs.c.obj)
                0x0000000000029db0                settings_backend_init
 .text.pm_state_notify
                0x0000000000029e48       0x5c zephyr/libzephyr.a(pm.c.obj)
 .text.atomic_clear_bit.constprop.0
                0x0000000000029ea4       0x30 zephyr/libzephyr.a(pm.c.obj)
 .text.pm_system_resume
                0x0000000000029ed4       0x88 zephyr/libzephyr.a(pm.c.obj)
                0x0000000000029ed4                pm_system_resume
 .text.pm_system_suspend
                0x0000000000029f5c       0xf8 zephyr/libzephyr.a(pm.c.obj)
                0x0000000000029f5c                pm_system_suspend
 .text.pm_constraint_get
                0x000000000002a054       0x1c zephyr/libzephyr.a(constraint.c.obj)
                0x000000000002a054                pm_constraint_get
 .text.pm_state_cpu_get_all
                0x000000000002a070       0x10 zephyr/libzephyr.a(state.c.obj)
                0x000000000002a070                pm_state_cpu_get_all
 .text.pm_policy_next_state
                0x000000000002a080       0x8c zephyr/libzephyr.a(residency.c.obj)
                0x000000000002a080                pm_policy_next_state
 .text.uECC_get_rng
                0x000000000002a10c        0xc zephyr/libzephyr.a(ecc.c.obj)
                0x000000000002a10c                uECC_get_rng
 .text.vli_mmod_fast_secp256r1
                0x000000000002a118      0x188 zephyr/libzephyr.a(ecc.c.obj)
                0x000000000002a118                vli_mmod_fast_secp256r1
 .text.sub_bytes
                0x000000000002a2a0       0x18 zephyr/libzephyr.a(aes_encrypt.c.obj)
 .text.tc_aes128_set_encrypt_key
                0x000000000002a2b8       0xa4 zephyr/libzephyr.a(aes_encrypt.c.obj)
                0x000000000002a2b8                tc_aes128_set_encrypt_key
 .text.z_arm_cpu_idle_init
                0x000000000002a35c        0xc zephyr/arch/arch/arm/core/aarch32/libarch__arm__core__aarch32.a(cpu_idle.S.obj)
                0x000000000002a35c                z_arm_cpu_idle_init
 .text.arch_cpu_idle
                0x000000000002a368       0x1c zephyr/arch/arch/arm/core/aarch32/libarch__arm__core__aarch32.a(cpu_idle.S.obj)
                0x000000000002a368                arch_cpu_idle
 .text.arch_cpu_atomic_idle
                0x000000000002a384       0x14 zephyr/arch/arch/arm/core/aarch32/libarch__arm__core__aarch32.a(cpu_idle.S.obj)
                0x000000000002a384                arch_cpu_atomic_idle
 .text.arch_irq_enable
                0x000000000002a398       0x20 zephyr/arch/arch/arm/core/aarch32/libarch__arm__core__aarch32.a(irq_manage.c.obj)
                0x000000000002a398                arch_irq_enable
 .text.arch_irq_disable
                0x000000000002a3b8       0x28 zephyr/arch/arch/arm/core/aarch32/libarch__arm__core__aarch32.a(irq_manage.c.obj)
                0x000000000002a3b8                arch_irq_disable
 .text.arch_irq_is_enabled
                0x000000000002a3e0       0x1c zephyr/arch/arch/arm/core/aarch32/libarch__arm__core__aarch32.a(irq_manage.c.obj)
                0x000000000002a3e0                arch_irq_is_enabled
 .text.z_arm_irq_priority_set
                0x000000000002a3fc       0x30 zephyr/arch/arch/arm/core/aarch32/libarch__arm__core__aarch32.a(irq_manage.c.obj)
                0x000000000002a3fc                z_arm_irq_priority_set
 .text._arch_isr_direct_pm
                0x000000000002a42c       0x1c zephyr/arch/arch/arm/core/aarch32/libarch__arm__core__aarch32.a(irq_manage.c.obj)
                0x000000000002a42c                _arch_isr_direct_pm
 .text.z_SysNmiOnReset
                0x000000000002a448        0x8 zephyr/arch/arch/arm/core/aarch32/libarch__arm__core__aarch32.a(nmi_on_reset.S.obj)
                0x000000000002a448                z_SysNmiOnReset
 .text.z_arm_prep_c
                0x000000000002a450       0x48 zephyr/arch/arch/arm/core/aarch32/libarch__arm__core__aarch32.a(prep_c.c.obj)
                0x000000000002a450                z_arm_prep_c
 .text.arch_swap
                0x000000000002a498       0x34 zephyr/arch/arch/arm/core/aarch32/libarch__arm__core__aarch32.a(swap.c.obj)
                0x000000000002a498                arch_swap
 .text.z_arm_pendsv
                0x000000000002a4cc       0x48 zephyr/arch/arch/arm/core/aarch32/libarch__arm__core__aarch32.a(swap_helper.S.obj)
                0x000000000002a4cc                z_arm_pendsv
 .text.z_arm_svc
                0x000000000002a514       0x20 zephyr/arch/arch/arm/core/aarch32/libarch__arm__core__aarch32.a(swap_helper.S.obj)
                0x000000000002a514                z_arm_svc
 .text.arch_new_thread
                0x000000000002a534       0x38 zephyr/arch/arch/arm/core/aarch32/libarch__arm__core__aarch32.a(thread.c.obj)
                0x000000000002a534                arch_new_thread
 .text.arch_switch_to_main_thread
                0x000000000002a56c       0x24 zephyr/arch/arch/arm/core/aarch32/libarch__arm__core__aarch32.a(thread.c.obj)
                0x000000000002a56c                arch_switch_to_main_thread
 .text._isr_wrapper
                0x000000000002a590       0x40 zephyr/arch/arch/arm/core/aarch32/libarch__arm__core__aarch32.a(isr_wrapper.S.obj)
                0x000000000002a590                _isr_wrapper
 .text._HandlerModeExit
                0x000000000002a5d0       0x1c zephyr/arch/arch/arm/core/aarch32/cortex_m/libarch__arm__core__aarch32__cortex_m.a(exc_exit.S.obj)
                0x000000000002a5d0                z_arm_exc_exit
                0x000000000002a5d0                z_arm_int_exit
 .text.bus_fault.constprop.0
                0x000000000002a5ec       0x3c zephyr/arch/arch/arm/core/aarch32/cortex_m/libarch__arm__core__aarch32__cortex_m.a(fault.c.obj)
 .text.mem_manage_fault.constprop.0
                0x000000000002a628       0x40 zephyr/arch/arch/arm/core/aarch32/cortex_m/libarch__arm__core__aarch32__cortex_m.a(fault.c.obj)
 .text.z_arm_fault
                0x000000000002a668      0x128 zephyr/arch/arch/arm/core/aarch32/cortex_m/libarch__arm__core__aarch32__cortex_m.a(fault.c.obj)
                0x000000000002a668                z_arm_fault
 .text.z_arm_fault_init
                0x000000000002a790       0x10 zephyr/arch/arch/arm/core/aarch32/cortex_m/libarch__arm__core__aarch32__cortex_m.a(fault.c.obj)
                0x000000000002a790                z_arm_fault_init
 .text.__fault  0x000000000002a7a0       0x14 zephyr/arch/arch/arm/core/aarch32/cortex_m/libarch__arm__core__aarch32__cortex_m.a(fault_s.S.obj)
                0x000000000002a7a0                z_arm_bus_fault
                0x000000000002a7a0                z_arm_usage_fault
                0x000000000002a7a0                z_arm_mpu_fault
                0x000000000002a7a0                z_arm_exc_spurious
                0x000000000002a7a0                z_arm_debug_monitor
                0x000000000002a7a0                z_arm_hard_fault
 .text.z_arm_interrupt_init
                0x000000000002a7b4       0x18 zephyr/arch/arch/arm/core/aarch32/cortex_m/libarch__arm__core__aarch32__cortex_m.a(irq_init.c.obj)
                0x000000000002a7b4                z_arm_interrupt_init
 .text._reset_section
                0x000000000002a7cc       0x30 zephyr/arch/arch/arm/core/aarch32/cortex_m/libarch__arm__core__aarch32__cortex_m.a(reset.S.obj)
                0x000000000002a7cc                z_arm_reset
                0x000000000002a7cc                __start
 .text.z_impl_k_thread_abort
                0x000000000002a7fc       0x24 zephyr/arch/arch/arm/core/aarch32/cortex_m/libarch__arm__core__aarch32__cortex_m.a(thread_abort.c.obj)
                0x000000000002a7fc                z_impl_k_thread_abort
 .text.z_arm_configure_static_mpu_regions
                0x000000000002a820       0x18 zephyr/arch/arch/arm/core/aarch32/mpu/libarch__arm__core__aarch32__mpu.a(arm_core_mpu.c.obj)
                0x000000000002a820                z_arm_configure_static_mpu_regions
 .text.mpu_configure_regions
                0x000000000002a838       0x84 zephyr/arch/arch/arm/core/aarch32/mpu/libarch__arm__core__aarch32__mpu.a(arm_mpu.c.obj)
 .text.arm_core_mpu_enable
                0x000000000002a8bc       0x18 zephyr/arch/arch/arm/core/aarch32/mpu/libarch__arm__core__aarch32__mpu.a(arm_mpu.c.obj)
                0x000000000002a8bc                arm_core_mpu_enable
 .text.arm_core_mpu_disable
                0x000000000002a8d4       0x14 zephyr/arch/arch/arm/core/aarch32/mpu/libarch__arm__core__aarch32__mpu.a(arm_mpu.c.obj)
                0x000000000002a8d4                arm_core_mpu_disable
 .text.arm_core_mpu_configure_static_mpu_regions
                0x000000000002a8e8       0x14 zephyr/arch/arch/arm/core/aarch32/mpu/libarch__arm__core__aarch32__mpu.a(arm_mpu.c.obj)
                0x000000000002a8e8                arm_core_mpu_configure_static_mpu_regions
 .text.z_arm_mpu_init
                0x000000000002a8fc       0x60 zephyr/arch/arch/arm/core/aarch32/mpu/libarch__arm__core__aarch32__mpu.a(arm_mpu.c.obj)
                0x000000000002a8fc                z_arm_mpu_init
 .text.snprintf
                0x000000000002a95c       0x30 zephyr/lib/libc/minimal/liblib__libc__minimal.a(sprintf.c.obj)
                0x000000000002a95c                snprintf
 .text.nordicsemi_nrf52_init
                0x000000000002a98c       0x30 zephyr/soc/arm/nordic_nrf/nrf52/libsoc__arm__nordic_nrf__nrf52.a(soc.c.obj)
 .text.sys_arch_reboot
                0x000000000002a9bc       0x2c zephyr/soc/arm/nordic_nrf/nrf52/libsoc__arm__nordic_nrf__nrf52.a(soc.c.obj)
                0x000000000002a9bc                sys_arch_reboot
 .text.arch_busy_wait
                0x000000000002a9e8       0x14 zephyr/soc/arm/nordic_nrf/nrf52/libsoc__arm__nordic_nrf__nrf52.a(soc.c.obj)
                0x000000000002a9e8                arch_busy_wait
 .text.le_gen_dhkey
                0x000000000002a9fc       0x98 zephyr/subsys/bluetooth/host/libsubsys__bluetooth__host.a(hci_ecc.c.obj)
 .text.ecc_thread
                0x000000000002aa94      0x1a0 zephyr/subsys/bluetooth/host/libsubsys__bluetooth__host.a(hci_ecc.c.obj)
 .text.bt_hci_ecc_send
                0x000000000002ac34       0xdc zephyr/subsys/bluetooth/host/libsubsys__bluetooth__host.a(hci_ecc.c.obj)
                0x000000000002ac34                bt_hci_ecc_send
 .text.bt_hci_ecc_init
                0x000000000002ad10       0x48 zephyr/subsys/bluetooth/host/libsubsys__bluetooth__host.a(hci_ecc.c.obj)
                0x000000000002ad10                bt_hci_ecc_init
 .text.save_id  0x000000000002ad58       0x18 zephyr/subsys/bluetooth/host/libsubsys__bluetooth__host.a(settings.c.obj)
 .text.set      0x000000000002ad70       0x68 zephyr/subsys/bluetooth/host/libsubsys__bluetooth__host.a(settings.c.obj)
 .text.bt_settings_encode_key
                0x000000000002add8       0x60 zephyr/subsys/bluetooth/host/libsubsys__bluetooth__host.a(settings.c.obj)
                0x000000000002add8                bt_settings_encode_key
 .text.bt_settings_save_id
                0x000000000002ae38        0xc zephyr/subsys/bluetooth/host/libsubsys__bluetooth__host.a(settings.c.obj)
                0x000000000002ae38                bt_settings_save_id
 .text.commit   0x000000000002ae44       0x60 zephyr/subsys/bluetooth/host/libsubsys__bluetooth__host.a(settings.c.obj)
 .text.uuid_to_uuid128
                0x000000000002aea4       0x6c zephyr/subsys/bluetooth/host/libsubsys__bluetooth__host.a(uuid.c.obj)
 .text.bt_buf_get_rx
                0x000000000002af10       0x20 zephyr/subsys/bluetooth/host/libsubsys__bluetooth__host.a(buf.c.obj)
                0x000000000002af10                bt_buf_get_rx
 .text.bt_buf_get_cmd_complete
                0x000000000002af30       0x34 zephyr/subsys/bluetooth/host/libsubsys__bluetooth__host.a(buf.c.obj)
                0x000000000002af30                bt_buf_get_cmd_complete
 .text.bt_buf_get_evt
                0x000000000002af64       0x54 zephyr/subsys/bluetooth/host/libsubsys__bluetooth__host.a(buf.c.obj)
                0x000000000002af64                bt_buf_get_evt
 .text.hci_disconn_complete_prio
                0x000000000002afb8       0x3c zephyr/subsys/bluetooth/host/libsubsys__bluetooth__host.a(hci_core.c.obj)
 .text.hci_le_meta_event
                0x000000000002aff4       0x20 zephyr/subsys/bluetooth/host/libsubsys__bluetooth__host.a(hci_core.c.obj)
 .text.find_pending_connect.part.0
                0x000000000002b014       0x3c zephyr/subsys/bluetooth/host/libsubsys__bluetooth__host.a(hci_core.c.obj)
 .text.hci_cmd_done
                0x000000000002b050       0xd0 zephyr/subsys/bluetooth/host/libsubsys__bluetooth__host.a(hci_core.c.obj)
 .text.hci_cmd_status
                0x000000000002b120       0x2c zephyr/subsys/bluetooth/host/libsubsys__bluetooth__host.a(hci_core.c.obj)
 .text.hci_cmd_complete
                0x000000000002b14c       0x30 zephyr/subsys/bluetooth/host/libsubsys__bluetooth__host.a(hci_core.c.obj)
 .text.hci_tx_thread
                0x000000000002b17c      0x134 zephyr/subsys/bluetooth/host/libsubsys__bluetooth__host.a(hci_core.c.obj)
 .text.bt_hci_cmd_state_set_init
                0x000000000002b2b0       0x24 zephyr/subsys/bluetooth/host/libsubsys__bluetooth__host.a(hci_core.c.obj)
                0x000000000002b2b0                bt_hci_cmd_state_set_init
 .text.bt_hci_cmd_create
                0x000000000002b2d4       0x74 zephyr/subsys/bluetooth/host/libsubsys__bluetooth__host.a(hci_core.c.obj)
                0x000000000002b2d4                bt_hci_cmd_create
 .text.bt_hci_cmd_send
                0x000000000002b348       0x44 zephyr/subsys/bluetooth/host/libsubsys__bluetooth__host.a(hci_core.c.obj)
                0x000000000002b348                bt_hci_cmd_send
 .text.bt_hci_cmd_send_sync
                0x000000000002b38c       0xc4 zephyr/subsys/bluetooth/host/libsubsys__bluetooth__host.a(hci_core.c.obj)
                0x000000000002b38c                bt_hci_cmd_send_sync
 .text.bt_get_phy
                0x000000000002b450       0x14 zephyr/subsys/bluetooth/host/libsubsys__bluetooth__host.a(hci_core.c.obj)
                0x000000000002b450                bt_get_phy
 .text.conn_auto_initiate
                0x000000000002b464       0xc4 zephyr/subsys/bluetooth/host/libsubsys__bluetooth__host.a(hci_core.c.obj)
 .text.bt_hci_le_enh_conn_complete
                0x000000000002b528      0x1c0 zephyr/subsys/bluetooth/host/libsubsys__bluetooth__host.a(hci_core.c.obj)
                0x000000000002b528                bt_hci_le_enh_conn_complete
 .text.bt_security_err_get
                0x000000000002b6e8       0x10 zephyr/subsys/bluetooth/host/libsubsys__bluetooth__host.a(hci_core.c.obj)
                0x000000000002b6e8                bt_security_err_get
 .text.hci_event_prio
                0x000000000002b6f8       0xa4 zephyr/subsys/bluetooth/host/libsubsys__bluetooth__host.a(hci_core.c.obj)
                0x000000000002b6f8                hci_event_prio
 .text.bt_recv  0x000000000002b79c      0x108 zephyr/subsys/bluetooth/host/libsubsys__bluetooth__host.a(hci_core.c.obj)
                0x000000000002b79c                bt_recv
 .text.bt_recv_prio
                0x000000000002b8a4       0x3c zephyr/subsys/bluetooth/host/libsubsys__bluetooth__host.a(hci_core.c.obj)
                0x000000000002b8a4                bt_recv_prio
 .text.bt_hci_driver_register
                0x000000000002b8e0       0x28 zephyr/subsys/bluetooth/host/libsubsys__bluetooth__host.a(hci_core.c.obj)
                0x000000000002b8e0                bt_hci_driver_register
 .text.bt_finalize_init
                0x000000000002b908        0xc zephyr/subsys/bluetooth/host/libsubsys__bluetooth__host.a(hci_core.c.obj)
                0x000000000002b908                bt_finalize_init
 .text.init_work
                0x000000000002b914       0x18 zephyr/subsys/bluetooth/host/libsubsys__bluetooth__host.a(hci_core.c.obj)
 .text.bt_enable
                0x000000000002b92c       0xa4 zephyr/subsys/bluetooth/host/libsubsys__bluetooth__host.a(hci_core.c.obj)
                0x000000000002b92c                bt_enable
 .text.bt_get_name
                0x000000000002b9d0        0x8 zephyr/subsys/bluetooth/host/libsubsys__bluetooth__host.a(hci_core.c.obj)
                0x000000000002b9d0                bt_get_name
 .text.id_find  0x000000000002b9d8       0x34 zephyr/subsys/bluetooth/host/libsubsys__bluetooth__host.a(id.c.obj)
 .text.set_random_address
                0x000000000002ba0c       0x5c zephyr/subsys/bluetooth/host/libsubsys__bluetooth__host.a(id.c.obj)
 .text.id_create.constprop.0
                0x000000000002ba68       0x80 zephyr/subsys/bluetooth/host/libsubsys__bluetooth__host.a(id.c.obj)
 .text.bt_id_pending_keys_update
                0x000000000002bae8       0x34 zephyr/subsys/bluetooth/host/libsubsys__bluetooth__host.a(id.c.obj)
                0x000000000002bae8                bt_id_pending_keys_update
 .text.bt_id_add
                0x000000000002bb1c      0x128 zephyr/subsys/bluetooth/host/libsubsys__bluetooth__host.a(id.c.obj)
                0x000000000002bb1c                bt_id_add
 .text.bt_id_del
                0x000000000002bc44      0x108 zephyr/subsys/bluetooth/host/libsubsys__bluetooth__host.a(id.c.obj)
                0x000000000002bc44                bt_id_del
 .text.bt_id_create
                0x000000000002bd4c       0x94 zephyr/subsys/bluetooth/host/libsubsys__bluetooth__host.a(id.c.obj)
                0x000000000002bd4c                bt_id_create
 .text.bt_id_read_public_addr
                0x000000000002bde0       0x70 zephyr/subsys/bluetooth/host/libsubsys__bluetooth__host.a(id.c.obj)
                0x000000000002bde0                bt_id_read_public_addr
 .text.bt_setup_public_id_addr
                0x000000000002be50       0x20 zephyr/subsys/bluetooth/host/libsubsys__bluetooth__host.a(id.c.obj)
                0x000000000002be50                bt_setup_public_id_addr
 .text.bt_read_static_addr
                0x000000000002be70       0x60 zephyr/subsys/bluetooth/host/libsubsys__bluetooth__host.a(id.c.obj)
                0x000000000002be70                bt_read_static_addr
 .text.bt_setup_random_id_addr
                0x000000000002bed0       0x5c zephyr/subsys/bluetooth/host/libsubsys__bluetooth__host.a(id.c.obj)
                0x000000000002bed0                bt_setup_random_id_addr
 .text.bt_id_set_adv_own_addr
                0x000000000002bf2c       0xa4 zephyr/subsys/bluetooth/host/libsubsys__bluetooth__host.a(id.c.obj)
                0x000000000002bf2c                bt_id_set_adv_own_addr
 .text.valid_adv_param
                0x000000000002bfd0       0x88 zephyr/subsys/bluetooth/host/libsubsys__bluetooth__host.a(adv.c.obj)
 .text.le_adv_start_add_conn
                0x000000000002c058       0x88 zephyr/subsys/bluetooth/host/libsubsys__bluetooth__host.a(adv.c.obj)
 .text.bt_le_ext_adv_foreach
                0x000000000002c0e0        0xc zephyr/subsys/bluetooth/host/libsubsys__bluetooth__host.a(adv.c.obj)
                0x000000000002c0e0                bt_le_ext_adv_foreach
 .text.bt_le_adv_lookup_legacy
                0x000000000002c0ec        0x8 zephyr/subsys/bluetooth/host/libsubsys__bluetooth__host.a(adv.c.obj)
                0x000000000002c0ec                bt_le_adv_lookup_legacy
 .text.bt_le_adv_start_legacy
                0x000000000002c0f4      0x24c zephyr/subsys/bluetooth/host/libsubsys__bluetooth__host.a(adv.c.obj)
                0x000000000002c0f4                bt_le_adv_start_legacy
 .text.bt_le_adv_start
                0x000000000002c340       0x64 zephyr/subsys/bluetooth/host/libsubsys__bluetooth__host.a(adv.c.obj)
                0x000000000002c340                bt_le_adv_start
 .text.bt_le_adv_stop
                0x000000000002c3a4       0xa0 zephyr/subsys/bluetooth/host/libsubsys__bluetooth__host.a(adv.c.obj)
                0x000000000002c3a4                bt_le_adv_stop
 .text.bt_le_adv_resume
                0x000000000002c444       0x80 zephyr/subsys/bluetooth/host/libsubsys__bluetooth__host.a(adv.c.obj)
                0x000000000002c444                bt_le_adv_resume
 .text.bt_pub_key_is_debug
                0x000000000002c4c4       0x18 zephyr/subsys/bluetooth/host/libsubsys__bluetooth__host.a(ecc.c.obj)
                0x000000000002c4c4                bt_pub_key_is_debug
 .text.bt_pub_key_gen
                0x000000000002c4dc       0xd4 zephyr/subsys/bluetooth/host/libsubsys__bluetooth__host.a(ecc.c.obj)
                0x000000000002c4dc                bt_pub_key_gen
 .text.bt_pub_key_get
                0x000000000002c5b0       0x20 zephyr/subsys/bluetooth/host/libsubsys__bluetooth__host.a(ecc.c.obj)
                0x000000000002c5b0                bt_pub_key_get
 .text.bt_dh_key_gen
                0x000000000002c5d0       0x88 zephyr/subsys/bluetooth/host/libsubsys__bluetooth__host.a(ecc.c.obj)
                0x000000000002c5d0                bt_dh_key_gen
 .text.bt_hci_evt_le_pkey_complete
                0x000000000002c658       0x7c zephyr/subsys/bluetooth/host/libsubsys__bluetooth__host.a(ecc.c.obj)
                0x000000000002c658                bt_hci_evt_le_pkey_complete
 .text.bt_hci_evt_le_dhkey_complete
                0x000000000002c6d4       0x1c zephyr/subsys/bluetooth/host/libsubsys__bluetooth__host.a(ecc.c.obj)
                0x000000000002c6d4                bt_hci_evt_le_dhkey_complete
 .text.tx_free  0x000000000002c6f0       0x14 zephyr/subsys/bluetooth/host/libsubsys__bluetooth__host.a(conn.c.obj)
 .text.notify_connected
                0x000000000002c704       0x48 zephyr/subsys/bluetooth/host/libsubsys__bluetooth__host.a(conn.c.obj)
 .text.send_frag
                0x000000000002c74c      0x110 zephyr/subsys/bluetooth/host/libsubsys__bluetooth__host.a(conn.c.obj)
 .text.bt_conn_get_pkts
                0x000000000002c85c        0x8 zephyr/subsys/bluetooth/host/libsubsys__bluetooth__host.a(conn.c.obj)
                0x000000000002c85c                bt_conn_get_pkts
 .text.bt_conn_new
                0x000000000002c864       0x68 zephyr/subsys/bluetooth/host/libsubsys__bluetooth__host.a(conn.c.obj)
                0x000000000002c864                bt_conn_new
 .text.bt_conn_send_cb
                0x000000000002c8cc       0x6c zephyr/subsys/bluetooth/host/libsubsys__bluetooth__host.a(conn.c.obj)
                0x000000000002c8cc                bt_conn_send_cb
 .text.bt_conn_prepare_events
                0x000000000002c938       0x68 zephyr/subsys/bluetooth/host/libsubsys__bluetooth__host.a(conn.c.obj)
                0x000000000002c938                bt_conn_prepare_events
 .text.bt_conn_lookup_handle
                0x000000000002c9a0       0x10 zephyr/subsys/bluetooth/host/libsubsys__bluetooth__host.a(conn.c.obj)
                0x000000000002c9a0                bt_conn_lookup_handle
 .text.bt_conn_set_state
                0x000000000002c9b0      0x150 zephyr/subsys/bluetooth/host/libsubsys__bluetooth__host.a(conn.c.obj)
                0x000000000002c9b0                bt_conn_set_state
 .text.bt_conn_index
                0x000000000002cb00       0x18 zephyr/subsys/bluetooth/host/libsubsys__bluetooth__host.a(conn.c.obj)
                0x000000000002cb00                bt_conn_index
 .text.bt_conn_create_pdu_timeout
                0x000000000002cb18       0x24 zephyr/subsys/bluetooth/host/libsubsys__bluetooth__host.a(conn.c.obj)
                0x000000000002cb18                bt_conn_create_pdu_timeout
 .text.notify_le_param_updated
                0x000000000002cb3c       0x84 zephyr/subsys/bluetooth/host/libsubsys__bluetooth__host.a(conn.c.obj)
                0x000000000002cb3c                notify_le_param_updated
 .text.notify_le_phy_updated
                0x000000000002cbc0       0x44 zephyr/subsys/bluetooth/host/libsubsys__bluetooth__host.a(conn.c.obj)
                0x000000000002cbc0                notify_le_phy_updated
 .text.le_param_req
                0x000000000002cc04       0x74 zephyr/subsys/bluetooth/host/libsubsys__bluetooth__host.a(conn.c.obj)
                0x000000000002cc04                le_param_req
 .text.bt_conn_identity_resolved
                0x000000000002cc78       0x5c zephyr/subsys/bluetooth/host/libsubsys__bluetooth__host.a(conn.c.obj)
                0x000000000002cc78                bt_conn_identity_resolved
 .text.bt_conn_security_changed
                0x000000000002ccd4       0x4c zephyr/subsys/bluetooth/host/libsubsys__bluetooth__host.a(conn.c.obj)
                0x000000000002ccd4                bt_conn_security_changed
 .text.bt_conn_cb_register
                0x000000000002cd20       0x10 zephyr/subsys/bluetooth/host/libsubsys__bluetooth__host.a(conn.c.obj)
                0x000000000002cd20                bt_conn_cb_register
 .text.bt_conn_add_le
                0x000000000002cd30       0x38 zephyr/subsys/bluetooth/host/libsubsys__bluetooth__host.a(conn.c.obj)
                0x000000000002cd30                bt_conn_add_le
 .text.bt_conn_lookup_addr_le
                0x000000000002cd68       0x3c zephyr/subsys/bluetooth/host/libsubsys__bluetooth__host.a(conn.c.obj)
                0x000000000002cd68                bt_conn_lookup_addr_le
 .text.bt_conn_lookup_state_le
                0x000000000002cda4       0x44 zephyr/subsys/bluetooth/host/libsubsys__bluetooth__host.a(conn.c.obj)
                0x000000000002cda4                bt_conn_lookup_state_le
 .text.send_conn_le_param_update
                0x000000000002cde8       0x68 zephyr/subsys/bluetooth/host/libsubsys__bluetooth__host.a(conn.c.obj)
 .text.deferred_work
                0x000000000002ce50       0xc8 zephyr/subsys/bluetooth/host/libsubsys__bluetooth__host.a(conn.c.obj)
 .text.bt_conn_create_frag_timeout
                0x000000000002cf18        0xc zephyr/subsys/bluetooth/host/libsubsys__bluetooth__host.a(conn.c.obj)
                0x000000000002cf18                bt_conn_create_frag_timeout
 .text.create_frag
                0x000000000002cf24       0x6c zephyr/subsys/bluetooth/host/libsubsys__bluetooth__host.a(conn.c.obj)
 .text.bt_conn_process_tx
                0x000000000002cf90       0xc0 zephyr/subsys/bluetooth/host/libsubsys__bluetooth__host.a(conn.c.obj)
                0x000000000002cf90                bt_conn_process_tx
 .text.bt_conn_init
                0x000000000002d050       0x40 zephyr/subsys/bluetooth/host/libsubsys__bluetooth__host.a(conn.c.obj)
                0x000000000002d050                bt_conn_init
 .text.l2cap_accept
                0x000000000002d090       0x1c zephyr/subsys/bluetooth/host/libsubsys__bluetooth__host.a(l2cap.c.obj)
 .text.bt_l2cap_connected
                0x000000000002d0ac       0xb8 zephyr/subsys/bluetooth/host/libsubsys__bluetooth__host.a(l2cap.c.obj)
                0x000000000002d0ac                bt_l2cap_connected
 .text.bt_l2cap_update_conn_param
                0x000000000002d164       0x64 zephyr/subsys/bluetooth/host/libsubsys__bluetooth__host.a(l2cap.c.obj)
                0x000000000002d164                bt_l2cap_update_conn_param
 .text.att_cfm_sent
                0x000000000002d1c8       0x10 zephyr/subsys/bluetooth/host/libsubsys__bluetooth__host.a(att.c.obj)
 .text.att_rsp_sent
                0x000000000002d1d8       0x10 zephyr/subsys/bluetooth/host/libsubsys__bluetooth__host.a(att.c.obj)
 .text.att_req_sent
                0x000000000002d1e8       0x10 zephyr/subsys/bluetooth/host/libsubsys__bluetooth__host.a(att.c.obj)
 .text.bt_att_released
                0x000000000002d1f8       0x18 zephyr/subsys/bluetooth/host/libsubsys__bluetooth__host.a(att.c.obj)
 .text.bt_att_accept
                0x000000000002d210       0x90 zephyr/subsys/bluetooth/host/libsubsys__bluetooth__host.a(att.c.obj)
 .text.read_group_cb
                0x000000000002d2a0       0xac zephyr/subsys/bluetooth/host/libsubsys__bluetooth__host.a(att.c.obj)
 .text.chan_send
                0x000000000002d34c       0xbc zephyr/subsys/bluetooth/host/libsubsys__bluetooth__host.a(att.c.obj)
 .text.bt_att_chan_send_rsp.constprop.0
                0x000000000002d408       0x24 zephyr/subsys/bluetooth/host/libsubsys__bluetooth__host.a(att.c.obj)
 .text.read_type_cb
                0x000000000002d42c       0xa8 zephyr/subsys/bluetooth/host/libsubsys__bluetooth__host.a(att.c.obj)
 .text.bt_att_connected
                0x000000000002d4d4       0x68 zephyr/subsys/bluetooth/host/libsubsys__bluetooth__host.a(att.c.obj)
 .text.bt_att_recv
                0x000000000002d53c       0xe4 zephyr/subsys/bluetooth/host/libsubsys__bluetooth__host.a(att.c.obj)
 .text.att_write_rsp.constprop.0
                0x000000000002d620       0xc4 zephyr/subsys/bluetooth/host/libsubsys__bluetooth__host.a(att.c.obj)
 .text.att_read_group_req
                0x000000000002d6e4      0x104 zephyr/subsys/bluetooth/host/libsubsys__bluetooth__host.a(att.c.obj)
 .text.att_read_mult_req
                0x000000000002d7e8       0x94 zephyr/subsys/bluetooth/host/libsubsys__bluetooth__host.a(att.c.obj)
 .text.att_read_rsp
                0x000000000002d87c       0x90 zephyr/subsys/bluetooth/host/libsubsys__bluetooth__host.a(att.c.obj)
 .text.att_read_type_req
                0x000000000002d90c       0xc0 zephyr/subsys/bluetooth/host/libsubsys__bluetooth__host.a(att.c.obj)
 .text.att_find_type_req
                0x000000000002d9cc       0xd4 zephyr/subsys/bluetooth/host/libsubsys__bluetooth__host.a(att.c.obj)
 .text.att_find_info_req
                0x000000000002daa0       0x70 zephyr/subsys/bluetooth/host/libsubsys__bluetooth__host.a(att.c.obj)
 .text.bt_att_req_alloc
                0x000000000002db10       0x44 zephyr/subsys/bluetooth/host/libsubsys__bluetooth__host.a(att.c.obj)
                0x000000000002db10                bt_att_req_alloc
 .text.bt_att_req_free
                0x000000000002db54       0x24 zephyr/subsys/bluetooth/host/libsubsys__bluetooth__host.a(att.c.obj)
                0x000000000002db54                bt_att_req_free
 .text.att_handle_rsp
                0x000000000002db78       0x64 zephyr/subsys/bluetooth/host/libsubsys__bluetooth__host.a(att.c.obj)
 .text.bt_att_disconnected
                0x000000000002dbdc       0xb4 zephyr/subsys/bluetooth/host/libsubsys__bluetooth__host.a(att.c.obj)
 .text.db_hash_set
                0x000000000002dc90       0x18 zephyr/subsys/bluetooth/host/libsubsys__bluetooth__host.a(gatt.c.obj)
 .text.find_cf_cfg
                0x000000000002dca8       0x44 zephyr/subsys/bluetooth/host/libsubsys__bluetooth__host.a(gatt.c.obj)
 .text.sc_store
                0x000000000002dcec       0x40 zephyr/subsys/bluetooth/host/libsubsys__bluetooth__host.a(gatt.c.obj)
 .text.db_hash_commit
                0x000000000002dd2c       0x20 zephyr/subsys/bluetooth/host/libsubsys__bluetooth__host.a(gatt.c.obj)
 .text.sc_commit
                0x000000000002dd4c       0x30 zephyr/subsys/bluetooth/host/libsubsys__bluetooth__host.a(gatt.c.obj)
 .text.find_cf_cfg_by_addr
                0x000000000002dd7c       0x44 zephyr/subsys/bluetooth/host/libsubsys__bluetooth__host.a(gatt.c.obj)
 .text.remove_peer_from_attr
                0x000000000002ddc0       0x28 zephyr/subsys/bluetooth/host/libsubsys__bluetooth__host.a(gatt.c.obj)
 .text.ccc_load
                0x000000000002dde8       0x8c zephyr/subsys/bluetooth/host/libsubsys__bluetooth__host.a(gatt.c.obj)
 .text.ccc_save
                0x000000000002de74       0x38 zephyr/subsys/bluetooth/host/libsubsys__bluetooth__host.a(gatt.c.obj)
 .text.bt_gatt_attr_write_ccc
                0x000000000002deac       0xec zephyr/subsys/bluetooth/host/libsubsys__bluetooth__host.a(gatt.c.obj)
                0x000000000002deac                bt_gatt_attr_write_ccc
 .text.find_sc_cfg
                0x000000000002df98       0x44 zephyr/subsys/bluetooth/host/libsubsys__bluetooth__host.a(gatt.c.obj)
 .text.bt_gatt_clear_sc
                0x000000000002dfdc       0x4c zephyr/subsys/bluetooth/host/libsubsys__bluetooth__host.a(gatt.c.obj)
 .text.disconnected_cb
                0x000000000002e028       0x8c zephyr/subsys/bluetooth/host/libsubsys__bluetooth__host.a(gatt.c.obj)
 .text.sc_indicate_rsp
                0x000000000002e0b4       0x48 zephyr/subsys/bluetooth/host/libsubsys__bluetooth__host.a(gatt.c.obj)
 .text.bt_gatt_init
                0x000000000002e0fc       0xc8 zephyr/subsys/bluetooth/host/libsubsys__bluetooth__host.a(gatt.c.obj)
                0x000000000002e0fc                bt_gatt_init
 .text.bt_gatt_attr_get_handle
                0x000000000002e1c4       0x60 zephyr/subsys/bluetooth/host/libsubsys__bluetooth__host.a(gatt.c.obj)
                0x000000000002e1c4                bt_gatt_attr_get_handle
 .text.bt_gatt_foreach_attr_type
                0x000000000002e224       0xb4 zephyr/subsys/bluetooth/host/libsubsys__bluetooth__host.a(gatt.c.obj)
                0x000000000002e224                bt_gatt_foreach_attr_type
 .text.db_hash_gen
                0x000000000002e2d8       0x74 zephyr/subsys/bluetooth/host/libsubsys__bluetooth__host.a(gatt.c.obj)
 .text.db_hash_process
                0x000000000002e34c       0xc0 zephyr/subsys/bluetooth/host/libsubsys__bluetooth__host.a(gatt.c.obj)
 .text.ccc_set_direct
                0x000000000002e40c       0x9c zephyr/subsys/bluetooth/host/libsubsys__bluetooth__host.a(gatt.c.obj)
 .text.gatt_indicate
                0x000000000002e4a8       0x9c zephyr/subsys/bluetooth/host/libsubsys__bluetooth__host.a(gatt.c.obj)
 .text.bt_gatt_indicate
                0x000000000002e544       0xf0 zephyr/subsys/bluetooth/host/libsubsys__bluetooth__host.a(gatt.c.obj)
                0x000000000002e544                bt_gatt_indicate
 .text.sc_process
                0x000000000002e634       0x64 zephyr/subsys/bluetooth/host/libsubsys__bluetooth__host.a(gatt.c.obj)
 .text.bt_gatt_notify_cb
                0x000000000002e698       0xe8 zephyr/subsys/bluetooth/host/libsubsys__bluetooth__host.a(gatt.c.obj)
                0x000000000002e698                bt_gatt_notify_cb
 .text.notify_cb
                0x000000000002e780       0xf0 zephyr/subsys/bluetooth/host/libsubsys__bluetooth__host.a(gatt.c.obj)
 .text.update_ccc
                0x000000000002e870       0xd0 zephyr/subsys/bluetooth/host/libsubsys__bluetooth__host.a(gatt.c.obj)
 .text.bt_gatt_connected
                0x000000000002e940       0x7c zephyr/subsys/bluetooth/host/libsubsys__bluetooth__host.a(gatt.c.obj)
                0x000000000002e940                bt_gatt_connected
 .text.bt_gatt_att_max_mtu_changed
                0x000000000002e9bc       0x28 zephyr/subsys/bluetooth/host/libsubsys__bluetooth__host.a(gatt.c.obj)
                0x000000000002e9bc                bt_gatt_att_max_mtu_changed
 .text.bt_gatt_encrypt_change
                0x000000000002e9e4       0x20 zephyr/subsys/bluetooth/host/libsubsys__bluetooth__host.a(gatt.c.obj)
                0x000000000002e9e4                bt_gatt_encrypt_change
 .text.db_hash_read
                0x000000000002ea04       0x60 zephyr/subsys/bluetooth/host/libsubsys__bluetooth__host.a(gatt.c.obj)
 .text.bt_gatt_store_ccc
                0x000000000002ea64       0x60 zephyr/subsys/bluetooth/host/libsubsys__bluetooth__host.a(gatt.c.obj)
                0x000000000002ea64                bt_gatt_store_ccc
 .text.bt_gatt_disconnected
                0x000000000002eac4      0x110 zephyr/subsys/bluetooth/host/libsubsys__bluetooth__host.a(gatt.c.obj)
                0x000000000002eac4                bt_gatt_disconnected
 .text.get_io_capa
                0x000000000002ebd4       0x4c zephyr/subsys/bluetooth/host/libsubsys__bluetooth__host.a(smp.c.obj)
 .text.bt_smp_accept
                0x000000000002ec20       0x24 zephyr/subsys/bluetooth/host/libsubsys__bluetooth__host.a(smp.c.obj)
 .text.get_auth.constprop.0
                0x000000000002ec44       0x3c zephyr/subsys/bluetooth/host/libsubsys__bluetooth__host.a(smp.c.obj)
 .text.smp_init
                0x000000000002ec80       0x38 zephyr/subsys/bluetooth/host/libsubsys__bluetooth__host.a(smp.c.obj)
 .text.smp_dhkey_generate
                0x000000000002ecb8       0x2c zephyr/subsys/bluetooth/host/libsubsys__bluetooth__host.a(smp.c.obj)
 .text.smp_find
                0x000000000002ece4       0x1c zephyr/subsys/bluetooth/host/libsubsys__bluetooth__host.a(smp.c.obj)
 .text.smp_pairing_random
                0x000000000002ed00      0x1a8 zephyr/subsys/bluetooth/host/libsubsys__bluetooth__host.a(smp.c.obj)
 .text.compute_and_check_and_send_periph_dhcheck
                0x000000000002eea8      0x1c4 zephyr/subsys/bluetooth/host/libsubsys__bluetooth__host.a(smp.c.obj)
 .text.smp_send_pairing_confirm
                0x000000000002f06c       0x78 zephyr/subsys/bluetooth/host/libsubsys__bluetooth__host.a(smp.c.obj)
 .text.smp_public_key_periph
                0x000000000002f0e4      0x144 zephyr/subsys/bluetooth/host/libsubsys__bluetooth__host.a(smp.c.obj)
 .text.smp_public_key
                0x000000000002f228       0x84 zephyr/subsys/bluetooth/host/libsubsys__bluetooth__host.a(smp.c.obj)
 .text.bt_smp_connected
                0x000000000002f2ac       0x1c zephyr/subsys/bluetooth/host/libsubsys__bluetooth__host.a(smp.c.obj)
 .text.smp_pairing_req
                0x000000000002f2c8      0x244 zephyr/subsys/bluetooth/host/libsubsys__bluetooth__host.a(smp.c.obj)
 .text.bt_smp_start_security
                0x000000000002f50c      0x180 zephyr/subsys/bluetooth/host/libsubsys__bluetooth__host.a(smp.c.obj)
                0x000000000002f50c                bt_smp_start_security
 .text.smp_pairing_complete
                0x000000000002f68c       0xc0 zephyr/subsys/bluetooth/host/libsubsys__bluetooth__host.a(smp.c.obj)
 .text.bt_smp_recv
                0x000000000002f74c       0x78 zephyr/subsys/bluetooth/host/libsubsys__bluetooth__host.a(smp.c.obj)
 .text.bt_smp_pkey_ready
                0x000000000002f7c4       0x40 zephyr/subsys/bluetooth/host/libsubsys__bluetooth__host.a(smp.c.obj)
 .text.smp_pairing_failed
                0x000000000002f804       0x48 zephyr/subsys/bluetooth/host/libsubsys__bluetooth__host.a(smp.c.obj)
 .text.bt_smp_encrypt_change
                0x000000000002f84c       0xec zephyr/subsys/bluetooth/host/libsubsys__bluetooth__host.a(smp.c.obj)
 .text.bt_smp_init
                0x000000000002f938       0x38 zephyr/subsys/bluetooth/host/libsubsys__bluetooth__host.a(smp.c.obj)
                0x000000000002f938                bt_smp_init
 .text.bt_keys_get_addr
                0x000000000002f970       0x50 zephyr/subsys/bluetooth/host/libsubsys__bluetooth__host.a(keys.c.obj)
                0x000000000002f970                bt_keys_get_addr
 .text.bt_keys_foreach
                0x000000000002f9c0       0x1c zephyr/subsys/bluetooth/host/libsubsys__bluetooth__host.a(keys.c.obj)
                0x000000000002f9c0                bt_keys_foreach
 .text.keys_commit
                0x000000000002f9dc       0x14 zephyr/subsys/bluetooth/host/libsubsys__bluetooth__host.a(keys.c.obj)
 .text.bt_keys_find
                0x000000000002f9f0       0x2c zephyr/subsys/bluetooth/host/libsubsys__bluetooth__host.a(keys.c.obj)
                0x000000000002f9f0                bt_keys_find
 .text.bt_keys_find_irk
                0x000000000002fa1c       0x70 zephyr/subsys/bluetooth/host/libsubsys__bluetooth__host.a(keys.c.obj)
                0x000000000002fa1c                bt_keys_find_irk
 .text.bt_keys_find_addr
                0x000000000002fa8c       0x20 zephyr/subsys/bluetooth/host/libsubsys__bluetooth__host.a(keys.c.obj)
                0x000000000002fa8c                bt_keys_find_addr
 .text.bt_keys_clear
                0x000000000002faac       0x50 zephyr/subsys/bluetooth/host/libsubsys__bluetooth__host.a(keys.c.obj)
                0x000000000002faac                bt_keys_clear
 .text.bt_keys_store
                0x000000000002fafc       0x40 zephyr/subsys/bluetooth/host/libsubsys__bluetooth__host.a(keys.c.obj)
                0x000000000002fafc                bt_keys_store
 .text.mem_init
                0x000000000002fb3c       0x60 zephyr/subsys/bluetooth/controller/libsubsys__bluetooth__controller.a(mem.c.obj)
                0x000000000002fb3c                mem_init
 .text.mem_acquire
                0x000000000002fb9c       0x34 zephyr/subsys/bluetooth/controller/libsubsys__bluetooth__controller.a(mem.c.obj)
                0x000000000002fb9c                mem_acquire
 .text.mem_release
                0x000000000002fbd0       0x30 zephyr/subsys/bluetooth/controller/libsubsys__bluetooth__controller.a(mem.c.obj)
                0x000000000002fbd0                mem_release
 .text.mem_get  0x000000000002fc00        0x8 zephyr/subsys/bluetooth/controller/libsubsys__bluetooth__controller.a(mem.c.obj)
                0x000000000002fc00                mem_get
 .text.mem_index_get
                0x000000000002fc08        0xc zephyr/subsys/bluetooth/controller/libsubsys__bluetooth__controller.a(mem.c.obj)
                0x000000000002fc08                mem_index_get
 .text.mem_rcopy
                0x000000000002fc14       0x1c zephyr/subsys/bluetooth/controller/libsubsys__bluetooth__controller.a(mem.c.obj)
                0x000000000002fc14                mem_rcopy
 .text.mem_nz   0x000000000002fc30       0x18 zephyr/subsys/bluetooth/controller/libsubsys__bluetooth__controller.a(mem.c.obj)
                0x000000000002fc30                mem_nz
 .text.memq_init
                0x000000000002fc48        0x8 zephyr/subsys/bluetooth/controller/libsubsys__bluetooth__controller.a(memq.c.obj)
                0x000000000002fc48                memq_init
 .text.memq_deinit
                0x000000000002fc50       0x14 zephyr/subsys/bluetooth/controller/libsubsys__bluetooth__controller.a(memq.c.obj)
                0x000000000002fc50                memq_deinit
 .text.memq_enqueue
                0x000000000002fc64       0x14 zephyr/subsys/bluetooth/controller/libsubsys__bluetooth__controller.a(memq.c.obj)
                0x000000000002fc64                memq_enqueue
 .text.memq_peek
                0x000000000002fc78       0x10 zephyr/subsys/bluetooth/controller/libsubsys__bluetooth__controller.a(memq.c.obj)
                0x000000000002fc78                memq_peek
 .text.memq_dequeue
                0x000000000002fc88       0x20 zephyr/subsys/bluetooth/controller/libsubsys__bluetooth__controller.a(memq.c.obj)
                0x000000000002fc88                memq_dequeue
 .text.mayfly_init
                0x000000000002fca8       0x40 zephyr/subsys/bluetooth/controller/libsubsys__bluetooth__controller.a(mayfly.c.obj)
                0x000000000002fca8                mayfly_init
 .text.mayfly_enable
                0x000000000002fce8       0x64 zephyr/subsys/bluetooth/controller/libsubsys__bluetooth__controller.a(mayfly.c.obj)
                0x000000000002fce8                mayfly_enable
 .text.mayfly_enqueue
                0x000000000002fd4c       0xb0 zephyr/subsys/bluetooth/controller/libsubsys__bluetooth__controller.a(mayfly.c.obj)
                0x000000000002fd4c                mayfly_enqueue
 .text.mayfly_run
                0x000000000002fdfc      0x14c zephyr/subsys/bluetooth/controller/libsubsys__bluetooth__controller.a(mayfly.c.obj)
                0x000000000002fdfc                mayfly_run
 .text.util_ones_count_get
                0x000000000002ff48       0x28 zephyr/subsys/bluetooth/controller/libsubsys__bluetooth__controller.a(util.c.obj)
                0x000000000002ff48                util_ones_count_get
 .text.ticker_dequeue
                0x000000000002ff70       0x74 zephyr/subsys/bluetooth/controller/libsubsys__bluetooth__controller.a(ticker.c.obj)
 .text.ticks_to_expire_prep
                0x000000000002ffe4       0x48 zephyr/subsys/bluetooth/controller/libsubsys__bluetooth__controller.a(ticker.c.obj)
 .text.ticker_job_list_insert
                0x000000000003002c      0x208 zephyr/subsys/bluetooth/controller/libsubsys__bluetooth__controller.a(ticker.c.obj)
 .text.ticker_worker
                0x0000000000030234      0x2e0 zephyr/subsys/bluetooth/controller/libsubsys__bluetooth__controller.a(ticker.c.obj)
                0x0000000000030234                ticker_worker
 .text.ticker_job
                0x0000000000030514      0x940 zephyr/subsys/bluetooth/controller/libsubsys__bluetooth__controller.a(ticker.c.obj)
                0x0000000000030514                ticker_job
 .text.ticker_init
                0x0000000000030e54       0x88 zephyr/subsys/bluetooth/controller/libsubsys__bluetooth__controller.a(ticker.c.obj)
                0x0000000000030e54                ticker_init
 .text.ticker_is_initialized
                0x0000000000030edc       0x18 zephyr/subsys/bluetooth/controller/libsubsys__bluetooth__controller.a(ticker.c.obj)
                0x0000000000030edc                ticker_is_initialized
 .text.ticker_trigger
                0x0000000000030ef4       0x30 zephyr/subsys/bluetooth/controller/libsubsys__bluetooth__controller.a(ticker.c.obj)
                0x0000000000030ef4                ticker_trigger
 .text.ticker_start_ext
                0x0000000000030f24       0xac zephyr/subsys/bluetooth/controller/libsubsys__bluetooth__controller.a(ticker.c.obj)
                0x0000000000030f24                ticker_start_ext
 .text.ticker_start
                0x0000000000030fd0       0x38 zephyr/subsys/bluetooth/controller/libsubsys__bluetooth__controller.a(ticker.c.obj)
                0x0000000000030fd0                ticker_start
 .text.ticker_update_ext
                0x0000000000031008       0xac zephyr/subsys/bluetooth/controller/libsubsys__bluetooth__controller.a(ticker.c.obj)
                0x0000000000031008                ticker_update_ext
 .text.ticker_update
                0x00000000000310b4       0x30 zephyr/subsys/bluetooth/controller/libsubsys__bluetooth__controller.a(ticker.c.obj)
                0x00000000000310b4                ticker_update
 .text.ticker_stop
                0x00000000000310e4       0x84 zephyr/subsys/bluetooth/controller/libsubsys__bluetooth__controller.a(ticker.c.obj)
                0x00000000000310e4                ticker_stop
 .text.ticker_ticks_now_get
                0x0000000000031168        0x4 zephyr/subsys/bluetooth/controller/libsubsys__bluetooth__controller.a(ticker.c.obj)
                0x0000000000031168                ticker_ticks_now_get
 .text.ticker_ticks_diff_get
                0x000000000003116c        0x8 zephyr/subsys/bluetooth/controller/libsubsys__bluetooth__controller.a(ticker.c.obj)
                0x000000000003116c                ticker_ticks_diff_get
 .text.ll_addr_set
                0x0000000000031174       0x3c zephyr/subsys/bluetooth/controller/libsubsys__bluetooth__controller.a(ll_addr.c.obj)
                0x0000000000031174                ll_addr_set
 .text.ll_addr_get
                0x00000000000311b0       0x20 zephyr/subsys/bluetooth/controller/libsubsys__bluetooth__controller.a(ll_addr.c.obj)
                0x00000000000311b0                ll_addr_get
 .text.ll_addr_read
                0x00000000000311d0       0x30 zephyr/subsys/bluetooth/controller/libsubsys__bluetooth__controller.a(ll_addr.c.obj)
                0x00000000000311d0                ll_addr_read
 .text.ll_tx_pwr_lvl_get
                0x0000000000031200       0x24 zephyr/subsys/bluetooth/controller/libsubsys__bluetooth__controller.a(ll_tx_pwr.c.obj)
                0x0000000000031200                ll_tx_pwr_lvl_get
 .text.ll_tx_pwr_get
                0x0000000000031224        0x8 zephyr/subsys/bluetooth/controller/libsubsys__bluetooth__controller.a(ll_tx_pwr.c.obj)
                0x0000000000031224                ll_tx_pwr_get
 .text.hci_driver_init
                0x000000000003122c       0x10 zephyr/subsys/bluetooth/controller/libsubsys__bluetooth__controller.a(hci_driver.c.obj)
 .text.hci_driver_send
                0x000000000003123c       0x6c zephyr/subsys/bluetooth/controller/libsubsys__bluetooth__controller.a(hci_driver.c.obj)
 .text.recv_thread
                0x00000000000312a8      0x118 zephyr/subsys/bluetooth/controller/libsubsys__bluetooth__controller.a(hci_driver.c.obj)
 .text.prio_recv_thread
                0x00000000000313c0       0xc8 zephyr/subsys/bluetooth/controller/libsubsys__bluetooth__controller.a(hci_driver.c.obj)
 .text.hci_driver_open
                0x0000000000031488       0x90 zephyr/subsys/bluetooth/controller/libsubsys__bluetooth__controller.a(hci_driver.c.obj)
 .text.le_remote_feat_complete
                0x0000000000031518       0x70 zephyr/subsys/bluetooth/controller/libsubsys__bluetooth__controller.a(hci.c.obj)
 .text.hci_vendor_cmd_handle_common
                0x0000000000031588      0x17c zephyr/subsys/bluetooth/controller/libsubsys__bluetooth__controller.a(hci.c.obj)
                0x0000000000031588                hci_vendor_cmd_handle_common
 .text.hci_cmd_handle
                0x0000000000031704      0x97c zephyr/subsys/bluetooth/controller/libsubsys__bluetooth__controller.a(hci.c.obj)
                0x0000000000031704                hci_cmd_handle
 .text.hci_acl_handle
                0x0000000000032080       0xc8 zephyr/subsys/bluetooth/controller/libsubsys__bluetooth__controller.a(hci.c.obj)
                0x0000000000032080                hci_acl_handle
 .text.hci_disconn_complete_encode
                0x0000000000032148       0x40 zephyr/subsys/bluetooth/controller/libsubsys__bluetooth__controller.a(hci.c.obj)
                0x0000000000032148                hci_disconn_complete_encode
 .text.hci_disconn_complete_process
                0x0000000000032188       0x10 zephyr/subsys/bluetooth/controller/libsubsys__bluetooth__controller.a(hci.c.obj)
                0x0000000000032188                hci_disconn_complete_process
 .text.hci_acl_encode
                0x0000000000032198       0x74 zephyr/subsys/bluetooth/controller/libsubsys__bluetooth__controller.a(hci.c.obj)
                0x0000000000032198                hci_acl_encode
 .text.hci_evt_encode
                0x000000000003220c      0x5b8 zephyr/subsys/bluetooth/controller/libsubsys__bluetooth__controller.a(hci.c.obj)
                0x000000000003220c                hci_evt_encode
 .text.hci_num_cmplt_encode
                0x00000000000327c4       0x30 zephyr/subsys/bluetooth/controller/libsubsys__bluetooth__controller.a(hci.c.obj)
                0x00000000000327c4                hci_num_cmplt_encode
 .text.hci_get_class
                0x00000000000327f4       0x2c zephyr/subsys/bluetooth/controller/libsubsys__bluetooth__controller.a(hci.c.obj)
                0x00000000000327f4                hci_get_class
 .text.hci_init
                0x0000000000032820       0x40 zephyr/subsys/bluetooth/controller/libsubsys__bluetooth__controller.a(hci.c.obj)
                0x0000000000032820                hci_init
 .text.bt_rand  0x0000000000032860        0x4 zephyr/subsys/bluetooth/controller/libsubsys__bluetooth__controller.a(crypto.c.obj)
                0x0000000000032860                bt_rand
 .text.bt_encrypt_le
                0x0000000000032864        0xc zephyr/subsys/bluetooth/controller/libsubsys__bluetooth__controller.a(crypto.c.obj)
                0x0000000000032864                bt_encrypt_le
 .text.ll_feat_get
                0x0000000000032870        0xc zephyr/subsys/bluetooth/controller/libsubsys__bluetooth__controller.a(ll_feat.c.obj)
                0x0000000000032870                ll_feat_get
 .text.perform_lll_reset
                0x000000000003287c       0x94 zephyr/subsys/bluetooth/controller/libsubsys__bluetooth__controller.a(ull.c.obj)
 .text.ull_ticker_status_give
                0x0000000000032910        0xc zephyr/subsys/bluetooth/controller/libsubsys__bluetooth__controller.a(ull.c.obj)
                0x0000000000032910                ull_ticker_status_give
 .text.disabled_cb
                0x000000000003291c        0x4 zephyr/subsys/bluetooth/controller/libsubsys__bluetooth__controller.a(ull.c.obj)
 .text.tx_cmplt_get
                0x0000000000032920       0xc0 zephyr/subsys/bluetooth/controller/libsubsys__bluetooth__controller.a(ull.c.obj)
 .text.ull_done
                0x00000000000329e0      0x114 zephyr/subsys/bluetooth/controller/libsubsys__bluetooth__controller.a(ull.c.obj)
 .text.rx_alloc
                0x0000000000032af4       0xe8 zephyr/subsys/bluetooth/controller/libsubsys__bluetooth__controller.a(ull.c.obj)
 .text.rx_demux
                0x0000000000032bdc      0x1d4 zephyr/subsys/bluetooth/controller/libsubsys__bluetooth__controller.a(ull.c.obj)
 .text.ll_rx_get
                0x0000000000032db0      0x1c4 zephyr/subsys/bluetooth/controller/libsubsys__bluetooth__controller.a(ull.c.obj)
                0x0000000000032db0                ll_rx_get
 .text.ll_rx_dequeue
                0x0000000000032f74      0x1a0 zephyr/subsys/bluetooth/controller/libsubsys__bluetooth__controller.a(ull.c.obj)
                0x0000000000032f74                ll_rx_dequeue
 .text.ll_rx_mem_release
                0x0000000000033114      0x18c zephyr/subsys/bluetooth/controller/libsubsys__bluetooth__controller.a(ull.c.obj)
                0x0000000000033114                ll_rx_mem_release
 .text.ll_rx_link_alloc
                0x00000000000332a0        0xc zephyr/subsys/bluetooth/controller/libsubsys__bluetooth__controller.a(ull.c.obj)
                0x00000000000332a0                ll_rx_link_alloc
 .text.ll_rx_link_release
                0x00000000000332ac        0xc zephyr/subsys/bluetooth/controller/libsubsys__bluetooth__controller.a(ull.c.obj)
                0x00000000000332ac                ll_rx_link_release
 .text.ll_rx_alloc
                0x00000000000332b8        0xc zephyr/subsys/bluetooth/controller/libsubsys__bluetooth__controller.a(ull.c.obj)
                0x00000000000332b8                ll_rx_alloc
 .text.ll_rx_release
                0x00000000000332c4        0xc zephyr/subsys/bluetooth/controller/libsubsys__bluetooth__controller.a(ull.c.obj)
                0x00000000000332c4                ll_rx_release
 .text.ll_rx_put
                0x00000000000332d0       0x14 zephyr/subsys/bluetooth/controller/libsubsys__bluetooth__controller.a(ull.c.obj)
                0x00000000000332d0                ll_rx_put
 .text.ll_rx_sched
                0x00000000000332e4        0xc zephyr/subsys/bluetooth/controller/libsubsys__bluetooth__controller.a(ull.c.obj)
                0x00000000000332e4                ll_rx_sched
 .text.ll_pdu_rx_alloc_peek
                0x00000000000332f0       0x3c zephyr/subsys/bluetooth/controller/libsubsys__bluetooth__controller.a(ull.c.obj)
                0x00000000000332f0                ll_pdu_rx_alloc_peek
 .text.ll_pdu_rx_alloc
                0x000000000003332c       0x2c zephyr/subsys/bluetooth/controller/libsubsys__bluetooth__controller.a(ull.c.obj)
                0x000000000003332c                ll_pdu_rx_alloc
 .text.ll_tx_ack_put
                0x0000000000033358       0x68 zephyr/subsys/bluetooth/controller/libsubsys__bluetooth__controller.a(ull.c.obj)
                0x0000000000033358                ll_tx_ack_put
 .text.ll_timeslice_ticker_id_get
                0x00000000000333c0        0xc zephyr/subsys/bluetooth/controller/libsubsys__bluetooth__controller.a(ull.c.obj)
                0x00000000000333c0                ll_timeslice_ticker_id_get
 .text.ll_radio_state_abort
                0x00000000000333cc       0x40 zephyr/subsys/bluetooth/controller/libsubsys__bluetooth__controller.a(ull.c.obj)
                0x00000000000333cc                ll_radio_state_abort
 .text.ull_ticker_status_take
                0x000000000003340c       0x50 zephyr/subsys/bluetooth/controller/libsubsys__bluetooth__controller.a(ull.c.obj)
                0x000000000003340c                ull_ticker_status_take
 .text.ull_disable_mark
                0x000000000003345c       0x14 zephyr/subsys/bluetooth/controller/libsubsys__bluetooth__controller.a(ull.c.obj)
                0x000000000003345c                ull_disable_mark
 .text.ull_disable_unmark
                0x0000000000033470       0x18 zephyr/subsys/bluetooth/controller/libsubsys__bluetooth__controller.a(ull.c.obj)
                0x0000000000033470                ull_disable_unmark
 .text.ull_disable_mark_get
                0x0000000000033488        0xc zephyr/subsys/bluetooth/controller/libsubsys__bluetooth__controller.a(ull.c.obj)
                0x0000000000033488                ull_disable_mark_get
 .text.ull_update_mark
                0x0000000000033494       0x14 zephyr/subsys/bluetooth/controller/libsubsys__bluetooth__controller.a(ull.c.obj)
                0x0000000000033494                ull_update_mark
 .text.ull_update_unmark
                0x00000000000334a8       0x18 zephyr/subsys/bluetooth/controller/libsubsys__bluetooth__controller.a(ull.c.obj)
                0x00000000000334a8                ull_update_unmark
 .text.ull_update_mark_get
                0x00000000000334c0        0xc zephyr/subsys/bluetooth/controller/libsubsys__bluetooth__controller.a(ull.c.obj)
                0x00000000000334c0                ull_update_mark_get
 .text.ull_disable
                0x00000000000334cc       0x7c zephyr/subsys/bluetooth/controller/libsubsys__bluetooth__controller.a(ull.c.obj)
                0x00000000000334cc                ull_disable
 .text.ull_ticker_stop_with_mark
                0x0000000000033548       0x8c zephyr/subsys/bluetooth/controller/libsubsys__bluetooth__controller.a(ull.c.obj)
                0x0000000000033548                ull_ticker_stop_with_mark
 .text.ull_pdu_rx_alloc_peek
                0x00000000000335d4       0x3c zephyr/subsys/bluetooth/controller/libsubsys__bluetooth__controller.a(ull.c.obj)
                0x00000000000335d4                ull_pdu_rx_alloc_peek
 .text.ull_pdu_rx_alloc
                0x0000000000033610       0x2c zephyr/subsys/bluetooth/controller/libsubsys__bluetooth__controller.a(ull.c.obj)
                0x0000000000033610                ull_pdu_rx_alloc
 .text.ull_rx_put
                0x000000000003363c       0x20 zephyr/subsys/bluetooth/controller/libsubsys__bluetooth__controller.a(ull.c.obj)
                0x000000000003363c                ull_rx_put
 .text.ull_rx_sched
                0x000000000003365c       0x10 zephyr/subsys/bluetooth/controller/libsubsys__bluetooth__controller.a(ull.c.obj)
                0x000000000003365c                ull_rx_sched
 .text.ull_prepare_enqueue
                0x000000000003366c       0x60 zephyr/subsys/bluetooth/controller/libsubsys__bluetooth__controller.a(ull.c.obj)
                0x000000000003366c                ull_prepare_enqueue
 .text.ull_prepare_dequeue_get
                0x00000000000336cc       0x1c zephyr/subsys/bluetooth/controller/libsubsys__bluetooth__controller.a(ull.c.obj)
                0x00000000000336cc                ull_prepare_dequeue_get
 .text.ull_prepare_dequeue_iter
                0x00000000000336e8       0x40 zephyr/subsys/bluetooth/controller/libsubsys__bluetooth__controller.a(ull.c.obj)
                0x00000000000336e8                ull_prepare_dequeue_iter
 .text.ull_prepare_dequeue
                0x0000000000033728       0xa8 zephyr/subsys/bluetooth/controller/libsubsys__bluetooth__controller.a(ull.c.obj)
                0x0000000000033728                ull_prepare_dequeue
 .text.ull_event_done_extra_get
                0x00000000000337d0       0x20 zephyr/subsys/bluetooth/controller/libsubsys__bluetooth__controller.a(ull.c.obj)
                0x00000000000337d0                ull_event_done_extra_get
 .text.ull_event_done
                0x00000000000337f0       0x5c zephyr/subsys/bluetooth/controller/libsubsys__bluetooth__controller.a(ull.c.obj)
                0x00000000000337f0                ull_event_done
 .text.ull_rxfifo_alloc
                0x000000000003384c       0x7c zephyr/subsys/bluetooth/controller/libsubsys__bluetooth__controller.a(ull.c.obj)
                0x000000000003384c                ull_rxfifo_alloc
 .text.init_reset
                0x00000000000338c8      0x130 zephyr/subsys/bluetooth/controller/libsubsys__bluetooth__controller.a(ull.c.obj)
 .text.ll_init  0x00000000000339f8       0xe0 zephyr/subsys/bluetooth/controller/libsubsys__bluetooth__controller.a(ull.c.obj)
                0x00000000000339f8                ll_init
 .text.ll_reset
                0x0000000000033ad8      0x120 zephyr/subsys/bluetooth/controller/libsubsys__bluetooth__controller.a(ull.c.obj)
                0x0000000000033ad8                ll_reset
 .text.lll_prepare
                0x0000000000033bf8       0x14 zephyr/subsys/bluetooth/controller/libsubsys__bluetooth__controller.a(lll_common.c.obj)
                0x0000000000033bf8                lll_prepare
 .text.lll_resume
                0x0000000000033c0c       0x4c zephyr/subsys/bluetooth/controller/libsubsys__bluetooth__controller.a(lll_common.c.obj)
                0x0000000000033c0c                lll_resume
 .text.ticker_stop_cb
                0x0000000000033c58       0x88 zephyr/subsys/bluetooth/controller/libsubsys__bluetooth__controller.a(ull_adv.c.obj)
 .text.disabled_cb
                0x0000000000033ce0       0x94 zephyr/subsys/bluetooth/controller/libsubsys__bluetooth__controller.a(ull_adv.c.obj)
 .text.ticker_stop_op_cb
                0x0000000000033d74       0x48 zephyr/subsys/bluetooth/controller/libsubsys__bluetooth__controller.a(ull_adv.c.obj)
 .text.adv_disable
                0x0000000000033dbc       0x80 zephyr/subsys/bluetooth/controller/libsubsys__bluetooth__controller.a(ull_adv.c.obj)
 .text.ticker_update_op_cb
                0x0000000000033e3c       0x38 zephyr/subsys/bluetooth/controller/libsubsys__bluetooth__controller.a(ull_adv.c.obj)
 .text.init_set.constprop.0
                0x0000000000033e74       0x54 zephyr/subsys/bluetooth/controller/libsubsys__bluetooth__controller.a(ull_adv.c.obj)
 .text.conn_release.constprop.0
                0x0000000000033ec8       0x84 zephyr/subsys/bluetooth/controller/libsubsys__bluetooth__controller.a(ull_adv.c.obj)
 .text.disable.part.0
                0x0000000000033f4c      0x148 zephyr/subsys/bluetooth/controller/libsubsys__bluetooth__controller.a(ull_adv.c.obj)
 .text.adv_time_get.constprop.0.isra.0
                0x0000000000034094       0x70 zephyr/subsys/bluetooth/controller/libsubsys__bluetooth__controller.a(ull_adv.c.obj)
 .text.ticker_cb
                0x0000000000034104      0x134 zephyr/subsys/bluetooth/controller/libsubsys__bluetooth__controller.a(ull_adv.c.obj)
 .text.ll_adv_params_set
                0x0000000000034238      0x1d8 zephyr/subsys/bluetooth/controller/libsubsys__bluetooth__controller.a(ull_adv.c.obj)
                0x0000000000034238                ll_adv_params_set
 .text.ull_adv_init
                0x0000000000034410       0x20 zephyr/subsys/bluetooth/controller/libsubsys__bluetooth__controller.a(ull_adv.c.obj)
                0x0000000000034410                ull_adv_init
 .text.ull_adv_reset
                0x0000000000034430       0x34 zephyr/subsys/bluetooth/controller/libsubsys__bluetooth__controller.a(ull_adv.c.obj)
                0x0000000000034430                ull_adv_reset
 .text.ull_adv_reset_finalize
                0x0000000000034464       0x30 zephyr/subsys/bluetooth/controller/libsubsys__bluetooth__controller.a(ull_adv.c.obj)
                0x0000000000034464                ull_adv_reset_finalize
 .text.ull_adv_handle_get
                0x0000000000034494       0x18 zephyr/subsys/bluetooth/controller/libsubsys__bluetooth__controller.a(ull_adv.c.obj)
                0x0000000000034494                ull_adv_handle_get
 .text.ull_adv_lll_handle_get
                0x00000000000344ac       0x1c zephyr/subsys/bluetooth/controller/libsubsys__bluetooth__controller.a(ull_adv.c.obj)
                0x00000000000344ac                ull_adv_lll_handle_get
 .text.ull_adv_is_enabled_get
                0x00000000000344c8       0x1c zephyr/subsys/bluetooth/controller/libsubsys__bluetooth__controller.a(ull_adv.c.obj)
                0x00000000000344c8                ull_adv_is_enabled_get
 .text.ull_adv_is_enabled
                0x00000000000344e4       0x18 zephyr/subsys/bluetooth/controller/libsubsys__bluetooth__controller.a(ull_adv.c.obj)
                0x00000000000344e4                ull_adv_is_enabled
 .text.ull_adv_filter_pol_get
                0x00000000000344fc       0x20 zephyr/subsys/bluetooth/controller/libsubsys__bluetooth__controller.a(ull_adv.c.obj)
                0x00000000000344fc                ull_adv_filter_pol_get
 .text.ull_adv_pdu_update_addrs
                0x000000000003451c       0x64 zephyr/subsys/bluetooth/controller/libsubsys__bluetooth__controller.a(ull_adv.c.obj)
                0x000000000003451c                ull_adv_pdu_update_addrs
 .text.ull_adv_data_set
                0x0000000000034580       0xb0 zephyr/subsys/bluetooth/controller/libsubsys__bluetooth__controller.a(ull_adv.c.obj)
                0x0000000000034580                ull_adv_data_set
 .text.ll_adv_data_set
                0x0000000000034630       0x10 zephyr/subsys/bluetooth/controller/libsubsys__bluetooth__controller.a(ull_adv.c.obj)
                0x0000000000034630                ll_adv_data_set
 .text.ull_scan_rsp_set.part.0
                0x0000000000034640       0x84 zephyr/subsys/bluetooth/controller/libsubsys__bluetooth__controller.a(ull_adv.c.obj)
 .text.ll_adv_scan_rsp_set
                0x00000000000346c4       0x18 zephyr/subsys/bluetooth/controller/libsubsys__bluetooth__controller.a(ull_adv.c.obj)
                0x00000000000346c4                ll_adv_scan_rsp_set
 .text.init_reset
                0x00000000000346dc       0x7c zephyr/subsys/bluetooth/controller/libsubsys__bluetooth__controller.a(ull_conn.c.obj)
 .text.ctrl_tx_pause_enqueue
                0x0000000000034758       0xdc zephyr/subsys/bluetooth/controller/libsubsys__bluetooth__controller.a(ull_conn.c.obj)
 .text.tx_lll_flush
                0x0000000000034834       0xf4 zephyr/subsys/bluetooth/controller/libsubsys__bluetooth__controller.a(ull_conn.c.obj)
 .text.ctrl_tx_sec_enqueue
                0x0000000000034928       0x84 zephyr/subsys/bluetooth/controller/libsubsys__bluetooth__controller.a(ull_conn.c.obj)
 .text.ticker_stop_op_cb
                0x00000000000349ac       0x64 zephyr/subsys/bluetooth/controller/libsubsys__bluetooth__controller.a(ull_conn.c.obj)
 .text.disabled_cb
                0x0000000000034a10       0x40 zephyr/subsys/bluetooth/controller/libsubsys__bluetooth__controller.a(ull_conn.c.obj)
 .text.conn_disable
                0x0000000000034a50       0x80 zephyr/subsys/bluetooth/controller/libsubsys__bluetooth__controller.a(ull_conn.c.obj)
 .text.conn_setup_adv_scan_disabled_cb
                0x0000000000034ad0       0x40 zephyr/subsys/bluetooth/controller/libsubsys__bluetooth__controller.a(ull_conn.c.obj)
 .text.ticker_start_conn_op_cb
                0x0000000000034b10       0x58 zephyr/subsys/bluetooth/controller/libsubsys__bluetooth__controller.a(ull_conn.c.obj)
 .text.ticker_stop_conn_op_cb
                0x0000000000034b68       0x58 zephyr/subsys/bluetooth/controller/libsubsys__bluetooth__controller.a(ull_conn.c.obj)
 .text.ticker_update_conn_op_cb
                0x0000000000034bc0       0x40 zephyr/subsys/bluetooth/controller/libsubsys__bluetooth__controller.a(ull_conn.c.obj)
 .text.tx_ull_dequeue
                0x0000000000034c00       0x78 zephyr/subsys/bluetooth/controller/libsubsys__bluetooth__controller.a(ull_conn.c.obj)
 .text.reject_ext_ind_send
                0x0000000000034c78       0xcc zephyr/subsys/bluetooth/controller/libsubsys__bluetooth__controller.a(ull_conn.c.obj)
 .text.event_len_prep
                0x0000000000034d44      0x1ec zephyr/subsys/bluetooth/controller/libsubsys__bluetooth__controller.a(ull_conn.c.obj)
 .text.event_phy_upd_ind_prep
                0x0000000000034f30      0x3c8 zephyr/subsys/bluetooth/controller/libsubsys__bluetooth__controller.a(ull_conn.c.obj)
 .text.ll_conn_acquire
                0x00000000000352f8        0xc zephyr/subsys/bluetooth/controller/libsubsys__bluetooth__controller.a(ull_conn.c.obj)
                0x00000000000352f8                ll_conn_acquire
 .text.ll_conn_release
                0x0000000000035304        0xc zephyr/subsys/bluetooth/controller/libsubsys__bluetooth__controller.a(ull_conn.c.obj)
                0x0000000000035304                ll_conn_release
 .text.ll_conn_handle_get
                0x0000000000035310       0x10 zephyr/subsys/bluetooth/controller/libsubsys__bluetooth__controller.a(ull_conn.c.obj)
                0x0000000000035310                ll_conn_handle_get
 .text.ll_conn_get
                0x0000000000035320       0x10 zephyr/subsys/bluetooth/controller/libsubsys__bluetooth__controller.a(ull_conn.c.obj)
                0x0000000000035320                ll_conn_get
 .text.ll_connected_get
                0x0000000000035330       0x24 zephyr/subsys/bluetooth/controller/libsubsys__bluetooth__controller.a(ull_conn.c.obj)
                0x0000000000035330                ll_connected_get
 .text.ll_tx_mem_acquire
                0x0000000000035354        0xc zephyr/subsys/bluetooth/controller/libsubsys__bluetooth__controller.a(ull_conn.c.obj)
                0x0000000000035354                ll_tx_mem_acquire
 .text.ll_tx_mem_release
                0x0000000000035360        0xc zephyr/subsys/bluetooth/controller/libsubsys__bluetooth__controller.a(ull_conn.c.obj)
                0x0000000000035360                ll_tx_mem_release
 .text.ll_tx_mem_enqueue
                0x000000000003536c       0x98 zephyr/subsys/bluetooth/controller/libsubsys__bluetooth__controller.a(ull_conn.c.obj)
                0x000000000003536c                ll_tx_mem_enqueue
 .text.ll_conn_update
                0x0000000000035404      0x128 zephyr/subsys/bluetooth/controller/libsubsys__bluetooth__controller.a(ull_conn.c.obj)
                0x0000000000035404                ll_conn_update
 .text.ll_chm_get
                0x000000000003552c       0x40 zephyr/subsys/bluetooth/controller/libsubsys__bluetooth__controller.a(ull_conn.c.obj)
                0x000000000003552c                ll_chm_get
 .text.ll_terminate_ind_send
                0x000000000003556c       0x94 zephyr/subsys/bluetooth/controller/libsubsys__bluetooth__controller.a(ull_conn.c.obj)
                0x000000000003556c                ll_terminate_ind_send
 .text.ll_feature_req_send
                0x0000000000035600       0x4c zephyr/subsys/bluetooth/controller/libsubsys__bluetooth__controller.a(ull_conn.c.obj)
                0x0000000000035600                ll_feature_req_send
 .text.ll_version_ind_send
                0x000000000003564c       0x4c zephyr/subsys/bluetooth/controller/libsubsys__bluetooth__controller.a(ull_conn.c.obj)
                0x000000000003564c                ll_version_ind_send
 .text.ll_length_req_send
                0x0000000000035698       0xa8 zephyr/subsys/bluetooth/controller/libsubsys__bluetooth__controller.a(ull_conn.c.obj)
                0x0000000000035698                ll_length_req_send
 .text.ll_length_default_get
                0x0000000000035740       0x18 zephyr/subsys/bluetooth/controller/libsubsys__bluetooth__controller.a(ull_conn.c.obj)
                0x0000000000035740                ll_length_default_get
 .text.ll_length_default_set
                0x0000000000035758       0x14 zephyr/subsys/bluetooth/controller/libsubsys__bluetooth__controller.a(ull_conn.c.obj)
                0x0000000000035758                ll_length_default_set
 .text.ll_length_max_get
                0x000000000003576c       0x18 zephyr/subsys/bluetooth/controller/libsubsys__bluetooth__controller.a(ull_conn.c.obj)
                0x000000000003576c                ll_length_max_get
 .text.ll_phy_get
                0x0000000000035784       0x3c zephyr/subsys/bluetooth/controller/libsubsys__bluetooth__controller.a(ull_conn.c.obj)
                0x0000000000035784                ll_phy_get
 .text.ll_phy_default_set
                0x00000000000357c0       0x14 zephyr/subsys/bluetooth/controller/libsubsys__bluetooth__controller.a(ull_conn.c.obj)
                0x00000000000357c0                ll_phy_default_set
 .text.ll_phy_req_send
                0x00000000000357d4       0xa4 zephyr/subsys/bluetooth/controller/libsubsys__bluetooth__controller.a(ull_conn.c.obj)
                0x00000000000357d4                ll_phy_req_send
 .text.ll_apto_get
                0x0000000000035878       0x48 zephyr/subsys/bluetooth/controller/libsubsys__bluetooth__controller.a(ull_conn.c.obj)
                0x0000000000035878                ll_apto_get
 .text.ll_apto_set
                0x00000000000358c0       0x44 zephyr/subsys/bluetooth/controller/libsubsys__bluetooth__controller.a(ull_conn.c.obj)
                0x00000000000358c0                ll_apto_set
 .text.ull_conn_init
                0x0000000000035904        0x4 zephyr/subsys/bluetooth/controller/libsubsys__bluetooth__controller.a(ull_conn.c.obj)
                0x0000000000035904                ull_conn_init
 .text.ull_conn_reset
                0x0000000000035908       0x7c zephyr/subsys/bluetooth/controller/libsubsys__bluetooth__controller.a(ull_conn.c.obj)
                0x0000000000035908                ull_conn_reset
 .text.ull_conn_default_tx_octets_get
                0x0000000000035984        0xc zephyr/subsys/bluetooth/controller/libsubsys__bluetooth__controller.a(ull_conn.c.obj)
                0x0000000000035984                ull_conn_default_tx_octets_get
 .text.ull_conn_default_tx_time_get
                0x0000000000035990        0xc zephyr/subsys/bluetooth/controller/libsubsys__bluetooth__controller.a(ull_conn.c.obj)
                0x0000000000035990                ull_conn_default_tx_time_get
 .text.ull_conn_default_phy_tx_get
                0x000000000003599c        0xc zephyr/subsys/bluetooth/controller/libsubsys__bluetooth__controller.a(ull_conn.c.obj)
                0x000000000003599c                ull_conn_default_phy_tx_get
 .text.ull_conn_default_phy_rx_get
                0x00000000000359a8        0xc zephyr/subsys/bluetooth/controller/libsubsys__bluetooth__controller.a(ull_conn.c.obj)
                0x00000000000359a8                ull_conn_default_phy_rx_get
 .text.ull_conn_setup
                0x00000000000359b4       0x50 zephyr/subsys/bluetooth/controller/libsubsys__bluetooth__controller.a(ull_conn.c.obj)
                0x00000000000359b4                ull_conn_setup
 .text.ull_conn_rx
                0x0000000000035a04     0x1744 zephyr/subsys/bluetooth/controller/libsubsys__bluetooth__controller.a(ull_conn.c.obj)
                0x0000000000035a04                ull_conn_rx
 .text.ull_conn_llcp
                0x0000000000037148     0x1510 zephyr/subsys/bluetooth/controller/libsubsys__bluetooth__controller.a(ull_conn.c.obj)
                0x0000000000037148                ull_conn_llcp
 .text.ull_conn_tx_demux
                0x0000000000038658       0xa0 zephyr/subsys/bluetooth/controller/libsubsys__bluetooth__controller.a(ull_conn.c.obj)
                0x0000000000038658                ull_conn_tx_demux
 .text.conn_cleanup_finalize
                0x00000000000386f8       0xe4 zephyr/subsys/bluetooth/controller/libsubsys__bluetooth__controller.a(ull_conn.c.obj)
 .text.ull_conn_done